Archive member included to satisfy reference by file (symbol)

f:/stm32cubeide/stm32cubeide_1.10.1/stm32cubeide/plugins/com.st.stm32cube.ide.mcu.externaltools.gnu-tools-for-stm32.10.3-2021.10.win32_1.0.0.202111181127/tools/bin/../lib/gcc/arm-none-eabi/10.3.1/../../../../arm-none-eabi/lib/thumb/v7e-m+fp/hard\libc_nano.a(lib_a-errno.o)
                              ./Src/syscalls.o (__errno)
f:/stm32cubeide/stm32cubeide_1.10.1/stm32cubeide/plugins/com.st.stm32cube.ide.mcu.externaltools.gnu-tools-for-stm32.10.3-2021.10.win32_1.0.0.202111181127/tools/bin/../lib/gcc/arm-none-eabi/10.3.1/../../../../arm-none-eabi/lib/thumb/v7e-m+fp/hard\libc_nano.a(lib_a-exit.o)
                              f:/stm32cubeide/stm32cubeide_1.10.1/stm32cubeide/plugins/com.st.stm32cube.ide.mcu.externaltools.gnu-tools-for-stm32.10.3-2021.10.win32_1.0.0.202111181127/tools/bin/../lib/gcc/arm-none-eabi/10.3.1/../../../../arm-none-eabi/lib/thumb/v7e-m+fp/hard/crt0.o (exit)
f:/stm32cubeide/stm32cubeide_1.10.1/stm32cubeide/plugins/com.st.stm32cube.ide.mcu.externaltools.gnu-tools-for-stm32.10.3-2021.10.win32_1.0.0.202111181127/tools/bin/../lib/gcc/arm-none-eabi/10.3.1/../../../../arm-none-eabi/lib/thumb/v7e-m+fp/hard\libc_nano.a(lib_a-impure.o)
                              f:/stm32cubeide/stm32cubeide_1.10.1/stm32cubeide/plugins/com.st.stm32cube.ide.mcu.externaltools.gnu-tools-for-stm32.10.3-2021.10.win32_1.0.0.202111181127/tools/bin/../lib/gcc/arm-none-eabi/10.3.1/../../../../arm-none-eabi/lib/thumb/v7e-m+fp/hard\libc_nano.a(lib_a-exit.o) (_global_impure_ptr)
f:/stm32cubeide/stm32cubeide_1.10.1/stm32cubeide/plugins/com.st.stm32cube.ide.mcu.externaltools.gnu-tools-for-stm32.10.3-2021.10.win32_1.0.0.202111181127/tools/bin/../lib/gcc/arm-none-eabi/10.3.1/../../../../arm-none-eabi/lib/thumb/v7e-m+fp/hard\libc_nano.a(lib_a-init.o)
                              f:/stm32cubeide/stm32cubeide_1.10.1/stm32cubeide/plugins/com.st.stm32cube.ide.mcu.externaltools.gnu-tools-for-stm32.10.3-2021.10.win32_1.0.0.202111181127/tools/bin/../lib/gcc/arm-none-eabi/10.3.1/../../../../arm-none-eabi/lib/thumb/v7e-m+fp/hard/crt0.o (__libc_init_array)
f:/stm32cubeide/stm32cubeide_1.10.1/stm32cubeide/plugins/com.st.stm32cube.ide.mcu.externaltools.gnu-tools-for-stm32.10.3-2021.10.win32_1.0.0.202111181127/tools/bin/../lib/gcc/arm-none-eabi/10.3.1/../../../../arm-none-eabi/lib/thumb/v7e-m+fp/hard\libc_nano.a(lib_a-memset.o)
                              f:/stm32cubeide/stm32cubeide_1.10.1/stm32cubeide/plugins/com.st.stm32cube.ide.mcu.externaltools.gnu-tools-for-stm32.10.3-2021.10.win32_1.0.0.202111181127/tools/bin/../lib/gcc/arm-none-eabi/10.3.1/../../../../arm-none-eabi/lib/thumb/v7e-m+fp/hard/crt0.o (memset)

Discarded input sections

 .text          0x0000000000000000        0x0 f:/stm32cubeide/stm32cubeide_1.10.1/stm32cubeide/plugins/com.st.stm32cube.ide.mcu.externaltools.gnu-tools-for-stm32.10.3-2021.10.win32_1.0.0.202111181127/tools/bin/../lib/gcc/arm-none-eabi/10.3.1/thumb/v7e-m+fp/hard/crti.o
 .data          0x0000000000000000        0x0 f:/stm32cubeide/stm32cubeide_1.10.1/stm32cubeide/plugins/com.st.stm32cube.ide.mcu.externaltools.gnu-tools-for-stm32.10.3-2021.10.win32_1.0.0.202111181127/tools/bin/../lib/gcc/arm-none-eabi/10.3.1/thumb/v7e-m+fp/hard/crti.o
 .bss           0x0000000000000000        0x0 f:/stm32cubeide/stm32cubeide_1.10.1/stm32cubeide/plugins/com.st.stm32cube.ide.mcu.externaltools.gnu-tools-for-stm32.10.3-2021.10.win32_1.0.0.202111181127/tools/bin/../lib/gcc/arm-none-eabi/10.3.1/thumb/v7e-m+fp/hard/crti.o
 .data          0x0000000000000000        0x4 f:/stm32cubeide/stm32cubeide_1.10.1/stm32cubeide/plugins/com.st.stm32cube.ide.mcu.externaltools.gnu-tools-for-stm32.10.3-2021.10.win32_1.0.0.202111181127/tools/bin/../lib/gcc/arm-none-eabi/10.3.1/thumb/v7e-m+fp/hard/crtbegin.o
 .rodata        0x0000000000000000       0x24 f:/stm32cubeide/stm32cubeide_1.10.1/stm32cubeide/plugins/com.st.stm32cube.ide.mcu.externaltools.gnu-tools-for-stm32.10.3-2021.10.win32_1.0.0.202111181127/tools/bin/../lib/gcc/arm-none-eabi/10.3.1/thumb/v7e-m+fp/hard/crtbegin.o
 .text          0x0000000000000000       0x7c f:/stm32cubeide/stm32cubeide_1.10.1/stm32cubeide/plugins/com.st.stm32cube.ide.mcu.externaltools.gnu-tools-for-stm32.10.3-2021.10.win32_1.0.0.202111181127/tools/bin/../lib/gcc/arm-none-eabi/10.3.1/../../../../arm-none-eabi/lib/thumb/v7e-m+fp/hard/crt0.o
 .data          0x0000000000000000        0x0 f:/stm32cubeide/stm32cubeide_1.10.1/stm32cubeide/plugins/com.st.stm32cube.ide.mcu.externaltools.gnu-tools-for-stm32.10.3-2021.10.win32_1.0.0.202111181127/tools/bin/../lib/gcc/arm-none-eabi/10.3.1/../../../../arm-none-eabi/lib/thumb/v7e-m+fp/hard/crt0.o
 .bss           0x0000000000000000        0x0 f:/stm32cubeide/stm32cubeide_1.10.1/stm32cubeide/plugins/com.st.stm32cube.ide.mcu.externaltools.gnu-tools-for-stm32.10.3-2021.10.win32_1.0.0.202111181127/tools/bin/../lib/gcc/arm-none-eabi/10.3.1/../../../../arm-none-eabi/lib/thumb/v7e-m+fp/hard/crt0.o
 .ARM.extab     0x0000000000000000        0x0 f:/stm32cubeide/stm32cubeide_1.10.1/stm32cubeide/plugins/com.st.stm32cube.ide.mcu.externaltools.gnu-tools-for-stm32.10.3-2021.10.win32_1.0.0.202111181127/tools/bin/../lib/gcc/arm-none-eabi/10.3.1/../../../../arm-none-eabi/lib/thumb/v7e-m+fp/hard/crt0.o
 .ARM.exidx     0x0000000000000000       0x10 f:/stm32cubeide/stm32cubeide_1.10.1/stm32cubeide/plugins/com.st.stm32cube.ide.mcu.externaltools.gnu-tools-for-stm32.10.3-2021.10.win32_1.0.0.202111181127/tools/bin/../lib/gcc/arm-none-eabi/10.3.1/../../../../arm-none-eabi/lib/thumb/v7e-m+fp/hard/crt0.o
 .ARM.attributes
                0x0000000000000000       0x1c f:/stm32cubeide/stm32cubeide_1.10.1/stm32cubeide/plugins/com.st.stm32cube.ide.mcu.externaltools.gnu-tools-for-stm32.10.3-2021.10.win32_1.0.0.202111181127/tools/bin/../lib/gcc/arm-none-eabi/10.3.1/../../../../arm-none-eabi/lib/thumb/v7e-m+fp/hard/crt0.o
 .group         0x0000000000000000        0xc ./Src/i2c_slave_tx_it.o
 .group         0x0000000000000000        0xc ./Src/i2c_slave_tx_it.o
 .group         0x0000000000000000        0xc ./Src/i2c_slave_tx_it.o
 .group         0x0000000000000000        0xc ./Src/i2c_slave_tx_it.o
 .group         0x0000000000000000        0xc ./Src/i2c_slave_tx_it.o
 .group         0x0000000000000000        0xc ./Src/i2c_slave_tx_it.o
 .group         0x0000000000000000        0xc ./Src/i2c_slave_tx_it.o
 .group         0x0000000000000000        0xc ./Src/i2c_slave_tx_it.o
 .group         0x0000000000000000        0xc ./Src/i2c_slave_tx_it.o
 .group         0x0000000000000000        0xc ./Src/i2c_slave_tx_it.o
 .group         0x0000000000000000        0xc ./Src/i2c_slave_tx_it.o
 .group         0x0000000000000000        0xc ./Src/i2c_slave_tx_it.o
 .group         0x0000000000000000        0xc ./Src/i2c_slave_tx_it.o
 .group         0x0000000000000000        0xc ./Src/i2c_slave_tx_it.o
 .group         0x0000000000000000        0xc ./Src/i2c_slave_tx_it.o
 .group         0x0000000000000000        0xc ./Src/i2c_slave_tx_it.o
 .group         0x0000000000000000        0xc ./Src/i2c_slave_tx_it.o
 .group         0x0000000000000000        0xc ./Src/i2c_slave_tx_it.o
 .group         0x0000000000000000        0xc ./Src/i2c_slave_tx_it.o
 .group         0x0000000000000000        0xc ./Src/i2c_slave_tx_it.o
 .group         0x0000000000000000        0xc ./Src/i2c_slave_tx_it.o
 .group         0x0000000000000000        0xc ./Src/i2c_slave_tx_it.o
 .group         0x0000000000000000        0xc ./Src/i2c_slave_tx_it.o
 .group         0x0000000000000000        0xc ./Src/i2c_slave_tx_it.o
 .group         0x0000000000000000        0xc ./Src/i2c_slave_tx_it.o
 .group         0x0000000000000000        0xc ./Src/i2c_slave_tx_it.o
 .group         0x0000000000000000        0xc ./Src/i2c_slave_tx_it.o
 .group         0x0000000000000000        0xc ./Src/i2c_slave_tx_it.o
 .group         0x0000000000000000        0xc ./Src/i2c_slave_tx_it.o
 .group         0x0000000000000000        0xc ./Src/i2c_slave_tx_it.o
 .group         0x0000000000000000        0xc ./Src/i2c_slave_tx_it.o
 .group         0x0000000000000000        0xc ./Src/i2c_slave_tx_it.o
 .group         0x0000000000000000        0xc ./Src/i2c_slave_tx_it.o
 .group         0x0000000000000000        0xc ./Src/i2c_slave_tx_it.o
 .group         0x0000000000000000        0xc ./Src/i2c_slave_tx_it.o
 .group         0x0000000000000000        0xc ./Src/i2c_slave_tx_it.o
 .group         0x0000000000000000        0xc ./Src/i2c_slave_tx_it.o
 .group         0x0000000000000000        0xc ./Src/i2c_slave_tx_it.o
 .group         0x0000000000000000        0xc ./Src/i2c_slave_tx_it.o
 .group         0x0000000000000000        0xc ./Src/i2c_slave_tx_it.o
 .group         0x0000000000000000        0xc ./Src/i2c_slave_tx_it.o
 .text          0x0000000000000000        0x0 ./Src/i2c_slave_tx_it.o
 .data          0x0000000000000000        0x0 ./Src/i2c_slave_tx_it.o
 .bss           0x0000000000000000        0x0 ./Src/i2c_slave_tx_it.o
 .group         0x0000000000000000        0xc ./Src/syscalls.o
 .group         0x0000000000000000        0xc ./Src/syscalls.o
 .group         0x0000000000000000        0xc ./Src/syscalls.o
 .group         0x0000000000000000        0xc ./Src/syscalls.o
 .group         0x0000000000000000        0xc ./Src/syscalls.o
 .group         0x0000000000000000        0xc ./Src/syscalls.o
 .group         0x0000000000000000        0xc ./Src/syscalls.o
 .group         0x0000000000000000        0xc ./Src/syscalls.o
 .group         0x0000000000000000        0xc ./Src/syscalls.o
 .group         0x0000000000000000        0xc ./Src/syscalls.o
 .group         0x0000000000000000        0xc ./Src/syscalls.o
 .group         0x0000000000000000        0xc ./Src/syscalls.o
 .group         0x0000000000000000        0xc ./Src/syscalls.o
 .group         0x0000000000000000        0xc ./Src/syscalls.o
 .group         0x0000000000000000        0xc ./Src/syscalls.o
 .group         0x0000000000000000        0xc ./Src/syscalls.o
 .group         0x0000000000000000        0xc ./Src/syscalls.o
 .group         0x0000000000000000        0xc ./Src/syscalls.o
 .group         0x0000000000000000        0xc ./Src/syscalls.o
 .group         0x0000000000000000        0xc ./Src/syscalls.o
 .group         0x0000000000000000        0xc ./Src/syscalls.o
 .group         0x0000000000000000        0xc ./Src/syscalls.o
 .group         0x0000000000000000        0xc ./Src/syscalls.o
 .group         0x0000000000000000        0xc ./Src/syscalls.o
 .group         0x0000000000000000        0xc ./Src/syscalls.o
 .group         0x0000000000000000        0xc ./Src/syscalls.o
 .group         0x0000000000000000        0xc ./Src/syscalls.o
 .group         0x0000000000000000        0xc ./Src/syscalls.o
 .group         0x0000000000000000        0xc ./Src/syscalls.o
 .group         0x0000000000000000        0xc ./Src/syscalls.o
 .group         0x0000000000000000        0xc ./Src/syscalls.o
 .group         0x0000000000000000        0xc ./Src/syscalls.o
 .group         0x0000000000000000        0xc ./Src/syscalls.o
 .group         0x0000000000000000        0xc ./Src/syscalls.o
 .group         0x0000000000000000        0xc ./Src/syscalls.o
 .group         0x0000000000000000        0xc ./Src/syscalls.o
 .group         0x0000000000000000        0xc ./Src/syscalls.o
 .group         0x0000000000000000        0xc ./Src/syscalls.o
 .group         0x0000000000000000        0xc ./Src/syscalls.o
 .group         0x0000000000000000        0xc ./Src/syscalls.o
 .group         0x0000000000000000        0xc ./Src/syscalls.o
 .group         0x0000000000000000        0xc ./Src/syscalls.o
 .group         0x0000000000000000        0xc ./Src/syscalls.o
 .group         0x0000000000000000        0xc ./Src/syscalls.o
 .group         0x0000000000000000        0xc ./Src/syscalls.o
 .group         0x0000000000000000        0xc ./Src/syscalls.o
 .group         0x0000000000000000        0xc ./Src/syscalls.o
 .text          0x0000000000000000        0x0 ./Src/syscalls.o
 .data          0x0000000000000000        0x0 ./Src/syscalls.o
 .bss           0x0000000000000000        0x0 ./Src/syscalls.o
 .bss.__env     0x0000000000000000        0x4 ./Src/syscalls.o
 .data.environ  0x0000000000000000        0x4 ./Src/syscalls.o
 .text.initialise_monitor_handles
                0x0000000000000000        0xe ./Src/syscalls.o
 .text._getpid  0x0000000000000000       0x10 ./Src/syscalls.o
 .text._kill    0x0000000000000000       0x20 ./Src/syscalls.o
 .text._exit    0x0000000000000000       0x14 ./Src/syscalls.o
 .text._read    0x0000000000000000       0x3a ./Src/syscalls.o
 .text._write   0x0000000000000000       0x38 ./Src/syscalls.o
 .text._close   0x0000000000000000       0x18 ./Src/syscalls.o
 .text._fstat   0x0000000000000000       0x20 ./Src/syscalls.o
 .text._isatty  0x0000000000000000       0x16 ./Src/syscalls.o
 .text._lseek   0x0000000000000000       0x1a ./Src/syscalls.o
 .text._open    0x0000000000000000       0x1c ./Src/syscalls.o
 .text._wait    0x0000000000000000       0x1e ./Src/syscalls.o
 .text._unlink  0x0000000000000000       0x1e ./Src/syscalls.o
 .text._times   0x0000000000000000       0x18 ./Src/syscalls.o
 .text._stat    0x0000000000000000       0x20 ./Src/syscalls.o
 .text._link    0x0000000000000000       0x20 ./Src/syscalls.o
 .text._fork    0x0000000000000000       0x16 ./Src/syscalls.o
 .text._execve  0x0000000000000000       0x22 ./Src/syscalls.o
 .debug_info    0x0000000000000000      0x6e0 ./Src/syscalls.o
 .debug_abbrev  0x0000000000000000      0x1b3 ./Src/syscalls.o
 .debug_aranges
                0x0000000000000000       0xa8 ./Src/syscalls.o
 .debug_ranges  0x0000000000000000       0x98 ./Src/syscalls.o
 .debug_macro   0x0000000000000000      0x24c ./Src/syscalls.o
 .debug_macro   0x0000000000000000      0xa7e ./Src/syscalls.o
 .debug_macro   0x0000000000000000       0x22 ./Src/syscalls.o
 .debug_macro   0x0000000000000000       0x4c ./Src/syscalls.o
 .debug_macro   0x0000000000000000       0x1e ./Src/syscalls.o
 .debug_macro   0x0000000000000000       0x94 ./Src/syscalls.o
 .debug_macro   0x0000000000000000       0x3c ./Src/syscalls.o
 .debug_macro   0x0000000000000000       0x34 ./Src/syscalls.o
 .debug_macro   0x0000000000000000       0x57 ./Src/syscalls.o
 .debug_macro   0x0000000000000000      0x174 ./Src/syscalls.o
 .debug_macro   0x0000000000000000      0x341 ./Src/syscalls.o
 .debug_macro   0x0000000000000000       0x16 ./Src/syscalls.o
 .debug_macro   0x0000000000000000       0x43 ./Src/syscalls.o
 .debug_macro   0x0000000000000000       0x34 ./Src/syscalls.o
 .debug_macro   0x0000000000000000       0x10 ./Src/syscalls.o
 .debug_macro   0x0000000000000000       0x58 ./Src/syscalls.o
 .debug_macro   0x0000000000000000       0x71 ./Src/syscalls.o
 .debug_macro   0x0000000000000000       0x1c ./Src/syscalls.o
 .debug_macro   0x0000000000000000      0x12a ./Src/syscalls.o
 .debug_macro   0x0000000000000000       0x10 ./Src/syscalls.o
 .debug_macro   0x0000000000000000       0x35 ./Src/syscalls.o
 .debug_macro   0x0000000000000000       0x10 ./Src/syscalls.o
 .debug_macro   0x0000000000000000       0x10 ./Src/syscalls.o
 .debug_macro   0x0000000000000000       0x10 ./Src/syscalls.o
 .debug_macro   0x0000000000000000       0x6a ./Src/syscalls.o
 .debug_macro   0x0000000000000000       0x1c ./Src/syscalls.o
 .debug_macro   0x0000000000000000       0x52 ./Src/syscalls.o
 .debug_macro   0x0000000000000000       0x22 ./Src/syscalls.o
 .debug_macro   0x0000000000000000       0x10 ./Src/syscalls.o
 .debug_macro   0x0000000000000000       0x52 ./Src/syscalls.o
 .debug_macro   0x0000000000000000       0xd5 ./Src/syscalls.o
 .debug_macro   0x0000000000000000       0x1c ./Src/syscalls.o
 .debug_macro   0x0000000000000000       0x3d ./Src/syscalls.o
 .debug_macro   0x0000000000000000       0x35 ./Src/syscalls.o
 .debug_macro   0x0000000000000000      0x12c ./Src/syscalls.o
 .debug_macro   0x0000000000000000       0x16 ./Src/syscalls.o
 .debug_macro   0x0000000000000000       0x16 ./Src/syscalls.o
 .debug_macro   0x0000000000000000       0x29 ./Src/syscalls.o
 .debug_macro   0x0000000000000000       0x10 ./Src/syscalls.o
 .debug_macro   0x0000000000000000      0x241 ./Src/syscalls.o
 .debug_macro   0x0000000000000000       0x1c ./Src/syscalls.o
 .debug_macro   0x0000000000000000       0x10 ./Src/syscalls.o
 .debug_macro   0x0000000000000000       0x10 ./Src/syscalls.o
 .debug_macro   0x0000000000000000       0x16 ./Src/syscalls.o
 .debug_macro   0x0000000000000000      0x145 ./Src/syscalls.o
 .debug_macro   0x0000000000000000      0x189 ./Src/syscalls.o
 .debug_macro   0x0000000000000000       0x16 ./Src/syscalls.o
 .debug_macro   0x0000000000000000       0xce ./Src/syscalls.o
 .debug_line    0x0000000000000000      0x821 ./Src/syscalls.o
 .debug_str     0x0000000000000000     0x8a63 ./Src/syscalls.o
 .comment       0x0000000000000000       0x51 ./Src/syscalls.o
 .debug_frame   0x0000000000000000      0x2ac ./Src/syscalls.o
 .ARM.attributes
                0x0000000000000000       0x34 ./Src/syscalls.o
 .group         0x0000000000000000        0xc ./Src/sysmem.o
 .group         0x0000000000000000        0xc ./Src/sysmem.o
 .group         0x0000000000000000        0xc ./Src/sysmem.o
 .group         0x0000000000000000        0xc ./Src/sysmem.o
 .group         0x0000000000000000        0xc ./Src/sysmem.o
 .group         0x0000000000000000        0xc ./Src/sysmem.o
 .group         0x0000000000000000        0xc ./Src/sysmem.o
 .group         0x0000000000000000        0xc ./Src/sysmem.o
 .group         0x0000000000000000        0xc ./Src/sysmem.o
 .group         0x0000000000000000        0xc ./Src/sysmem.o
 .group         0x0000000000000000        0xc ./Src/sysmem.o
 .group         0x0000000000000000        0xc ./Src/sysmem.o
 .group         0x0000000000000000        0xc ./Src/sysmem.o
 .group         0x0000000000000000        0xc ./Src/sysmem.o
 .group         0x0000000000000000        0xc ./Src/sysmem.o
 .group         0x0000000000000000        0xc ./Src/sysmem.o
 .group         0x0000000000000000        0xc ./Src/sysmem.o
 .group         0x0000000000000000        0xc ./Src/sysmem.o
 .group         0x0000000000000000        0xc ./Src/sysmem.o
 .group         0x0000000000000000        0xc ./Src/sysmem.o
 .group         0x0000000000000000        0xc ./Src/sysmem.o
 .group         0x0000000000000000        0xc ./Src/sysmem.o
 .text          0x0000000000000000        0x0 ./Src/sysmem.o
 .data          0x0000000000000000        0x0 ./Src/sysmem.o
 .bss           0x0000000000000000        0x0 ./Src/sysmem.o
 .bss.__sbrk_heap_end
                0x0000000000000000        0x4 ./Src/sysmem.o
 .text._sbrk    0x0000000000000000       0x6c ./Src/sysmem.o
 .debug_info    0x0000000000000000      0x171 ./Src/sysmem.o
 .debug_abbrev  0x0000000000000000       0xbb ./Src/sysmem.o
 .debug_aranges
                0x0000000000000000       0x20 ./Src/sysmem.o
 .debug_ranges  0x0000000000000000       0x10 ./Src/sysmem.o
 .debug_macro   0x0000000000000000       0xff ./Src/sysmem.o
 .debug_macro   0x0000000000000000      0xa7e ./Src/sysmem.o
 .debug_macro   0x0000000000000000       0x10 ./Src/sysmem.o
 .debug_macro   0x0000000000000000       0x22 ./Src/sysmem.o
 .debug_macro   0x0000000000000000       0x4c ./Src/sysmem.o
 .debug_macro   0x0000000000000000       0x1e ./Src/sysmem.o
 .debug_macro   0x0000000000000000       0x94 ./Src/sysmem.o
 .debug_macro   0x0000000000000000       0x3c ./Src/sysmem.o
 .debug_macro   0x0000000000000000       0x34 ./Src/sysmem.o
 .debug_macro   0x0000000000000000      0x174 ./Src/sysmem.o
 .debug_macro   0x0000000000000000       0x16 ./Src/sysmem.o
 .debug_macro   0x0000000000000000       0x43 ./Src/sysmem.o
 .debug_macro   0x0000000000000000       0x57 ./Src/sysmem.o
 .debug_macro   0x0000000000000000       0x34 ./Src/sysmem.o
 .debug_macro   0x0000000000000000       0x10 ./Src/sysmem.o
 .debug_macro   0x0000000000000000       0x58 ./Src/sysmem.o
 .debug_macro   0x0000000000000000       0x71 ./Src/sysmem.o
 .debug_macro   0x0000000000000000       0x1c ./Src/sysmem.o
 .debug_macro   0x0000000000000000      0x12a ./Src/sysmem.o
 .debug_macro   0x0000000000000000      0x23b ./Src/sysmem.o
 .debug_macro   0x0000000000000000      0x103 ./Src/sysmem.o
 .debug_macro   0x0000000000000000       0x6a ./Src/sysmem.o
 .debug_macro   0x0000000000000000      0x1df ./Src/sysmem.o
 .debug_line    0x0000000000000000      0x517 ./Src/sysmem.o
 .debug_str     0x0000000000000000     0x5d9f ./Src/sysmem.o
 .comment       0x0000000000000000       0x51 ./Src/sysmem.o
 .debug_frame   0x0000000000000000       0x34 ./Src/sysmem.o
 .ARM.attributes
                0x0000000000000000       0x34 ./Src/sysmem.o
 .text          0x0000000000000000       0x14 ./Startup/startup_stm32f407vgtx.o
 .data          0x0000000000000000        0x0 ./Startup/startup_stm32f407vgtx.o
 .bss           0x0000000000000000        0x0 ./Startup/startup_stm32f407vgtx.o
 .group         0x0000000000000000        0xc ./drivers/Src/stm32_gpio.o
 .group         0x0000000000000000        0xc ./drivers/Src/stm32_gpio.o
 .group         0x0000000000000000        0xc ./drivers/Src/stm32_gpio.o
 .group         0x0000000000000000        0xc ./drivers/Src/stm32_gpio.o
 .group         0x0000000000000000        0xc ./drivers/Src/stm32_gpio.o
 .group         0x0000000000000000        0xc ./drivers/Src/stm32_gpio.o
 .group         0x0000000000000000        0xc ./drivers/Src/stm32_gpio.o
 .group         0x0000000000000000        0xc ./drivers/Src/stm32_gpio.o
 .group         0x0000000000000000        0xc ./drivers/Src/stm32_gpio.o
 .text          0x0000000000000000        0x0 ./drivers/Src/stm32_gpio.o
 .data          0x0000000000000000        0x0 ./drivers/Src/stm32_gpio.o
 .bss           0x0000000000000000        0x0 ./drivers/Src/stm32_gpio.o
 .text.GPIO_DeInit
                0x0000000000000000      0x16c ./drivers/Src/stm32_gpio.o
 .text.GPIO_ReadFromInputPin
                0x0000000000000000       0x2c ./drivers/Src/stm32_gpio.o
 .text.GPIO_ReadFromInputPort
                0x0000000000000000       0x1c ./drivers/Src/stm32_gpio.o
 .text.GPIO_WriteToOutputPin
                0x0000000000000000       0x4a ./drivers/Src/stm32_gpio.o
 .text.GPIO_WriteToOutputPort
                0x0000000000000000       0x1e ./drivers/Src/stm32_gpio.o
 .text.GPIO_ToggleOutputPin
                0x0000000000000000       0x2a ./drivers/Src/stm32_gpio.o
 .text.GPIO_IRQInterruptConfig
                0x0000000000000000      0x10c ./drivers/Src/stm32_gpio.o
 .text.GPIO_IRQPriorityConfig
                0x0000000000000000       0x4e ./drivers/Src/stm32_gpio.o
 .text.GPIO_IRQHandling
                0x0000000000000000       0x40 ./drivers/Src/stm32_gpio.o
 .debug_macro   0x0000000000000000      0xa7e ./drivers/Src/stm32_gpio.o
 .debug_macro   0x0000000000000000       0x22 ./drivers/Src/stm32_gpio.o
 .debug_macro   0x0000000000000000      0x103 ./drivers/Src/stm32_gpio.o
 .debug_macro   0x0000000000000000       0x6a ./drivers/Src/stm32_gpio.o
 .debug_macro   0x0000000000000000      0x1df ./drivers/Src/stm32_gpio.o
 .debug_macro   0x0000000000000000      0x706 ./drivers/Src/stm32_gpio.o
 .group         0x0000000000000000        0xc ./drivers/Src/stm32_i2c.o
 .group         0x0000000000000000        0xc ./drivers/Src/stm32_i2c.o
 .group         0x0000000000000000        0xc ./drivers/Src/stm32_i2c.o
 .group         0x0000000000000000        0xc ./drivers/Src/stm32_i2c.o
 .group         0x0000000000000000        0xc ./drivers/Src/stm32_i2c.o
 .group         0x0000000000000000        0xc ./drivers/Src/stm32_i2c.o
 .group         0x0000000000000000        0xc ./drivers/Src/stm32_i2c.o
 .group         0x0000000000000000        0xc ./drivers/Src/stm32_i2c.o
 .group         0x0000000000000000        0xc ./drivers/Src/stm32_i2c.o
 .group         0x0000000000000000        0xc ./drivers/Src/stm32_i2c.o
 .text          0x0000000000000000        0x0 ./drivers/Src/stm32_i2c.o
 .data          0x0000000000000000        0x0 ./drivers/Src/stm32_i2c.o
 .bss           0x0000000000000000        0x0 ./drivers/Src/stm32_i2c.o
 .text.I2C_GenerateStartCondition
                0x0000000000000000       0x20 ./drivers/Src/stm32_i2c.o
 .text.I2C_GetFlagStatus
                0x0000000000000000       0x28 ./drivers/Src/stm32_i2c.o
 .text.I2C_MasterSendData
                0x0000000000000000       0xc6 ./drivers/Src/stm32_i2c.o
 .text.I2C_MasterReceiveData
                0x0000000000000000      0x124 ./drivers/Src/stm32_i2c.o
 .text.I2C_IRQPriorityConfig
                0x0000000000000000       0x4e ./drivers/Src/stm32_i2c.o
 .text.I2C_MasterSendDataIT
                0x0000000000000000       0x86 ./drivers/Src/stm32_i2c.o
 .text.I2C_MasterReceiveDataIT
                0x0000000000000000       0x94 ./drivers/Src/stm32_i2c.o
 .text.I2C_ApplicationEventCallback
                0x0000000000000000       0x18 ./drivers/Src/stm32_i2c.o
 .debug_macro   0x0000000000000000      0xa7e ./drivers/Src/stm32_i2c.o
 .debug_macro   0x0000000000000000       0x22 ./drivers/Src/stm32_i2c.o
 .debug_macro   0x0000000000000000       0x8e ./drivers/Src/stm32_i2c.o
 .debug_macro   0x0000000000000000       0x51 ./drivers/Src/stm32_i2c.o
 .debug_macro   0x0000000000000000      0x103 ./drivers/Src/stm32_i2c.o
 .debug_macro   0x0000000000000000       0x6a ./drivers/Src/stm32_i2c.o
 .debug_macro   0x0000000000000000      0x1df ./drivers/Src/stm32_i2c.o
 .debug_macro   0x0000000000000000      0x706 ./drivers/Src/stm32_i2c.o
 .debug_macro   0x0000000000000000      0x174 ./drivers/Src/stm32_i2c.o
 .debug_macro   0x0000000000000000       0xca ./drivers/Src/stm32_i2c.o
 .group         0x0000000000000000        0xc ./drivers/Src/stm32_rcc.o
 .group         0x0000000000000000        0xc ./drivers/Src/stm32_rcc.o
 .group         0x0000000000000000        0xc ./drivers/Src/stm32_rcc.o
 .group         0x0000000000000000        0xc ./drivers/Src/stm32_rcc.o
 .group         0x0000000000000000        0xc ./drivers/Src/stm32_rcc.o
 .group         0x0000000000000000        0xc ./drivers/Src/stm32_rcc.o
 .group         0x0000000000000000        0xc ./drivers/Src/stm32_rcc.o
 .group         0x0000000000000000        0xc ./drivers/Src/stm32_rcc.o
 .text          0x0000000000000000        0x0 ./drivers/Src/stm32_rcc.o
 .data          0x0000000000000000        0x0 ./drivers/Src/stm32_rcc.o
 .bss           0x0000000000000000        0x0 ./drivers/Src/stm32_rcc.o
 .text.RCC_GetPCLK2Value
                0x0000000000000000       0xa0 ./drivers/Src/stm32_rcc.o
 .debug_macro   0x0000000000000000      0xa7e ./drivers/Src/stm32_rcc.o
 .debug_macro   0x0000000000000000       0x22 ./drivers/Src/stm32_rcc.o
 .debug_macro   0x0000000000000000       0x8e ./drivers/Src/stm32_rcc.o
 .debug_macro   0x0000000000000000       0x51 ./drivers/Src/stm32_rcc.o
 .debug_macro   0x0000000000000000      0x103 ./drivers/Src/stm32_rcc.o
 .debug_macro   0x0000000000000000       0x6a ./drivers/Src/stm32_rcc.o
 .debug_macro   0x0000000000000000      0x1df ./drivers/Src/stm32_rcc.o
 .debug_macro   0x0000000000000000      0x706 ./drivers/Src/stm32_rcc.o
 .group         0x0000000000000000        0xc ./drivers/Src/stm32_spi.o
 .group         0x0000000000000000        0xc ./drivers/Src/stm32_spi.o
 .group         0x0000000000000000        0xc ./drivers/Src/stm32_spi.o
 .group         0x0000000000000000        0xc ./drivers/Src/stm32_spi.o
 .group         0x0000000000000000        0xc ./drivers/Src/stm32_spi.o
 .group         0x0000000000000000        0xc ./drivers/Src/stm32_spi.o
 .group         0x0000000000000000        0xc ./drivers/Src/stm32_spi.o
 .group         0x0000000000000000        0xc ./drivers/Src/stm32_spi.o
 .group         0x0000000000000000        0xc ./drivers/Src/stm32_spi.o
 .group         0x0000000000000000        0xc ./drivers/Src/stm32_spi.o
 .text          0x0000000000000000        0x0 ./drivers/Src/stm32_spi.o
 .data          0x0000000000000000        0x0 ./drivers/Src/stm32_spi.o
 .bss           0x0000000000000000        0x0 ./drivers/Src/stm32_spi.o
 .text.SPI_PeriClockControl
                0x0000000000000000       0x70 ./drivers/Src/stm32_spi.o
 .text.SPI_Init
                0x0000000000000000       0xb6 ./drivers/Src/stm32_spi.o
 .text.SPI_DeInit
                0x0000000000000000       0x14 ./drivers/Src/stm32_spi.o
 .text.SPI_GetFlagStatus
                0x0000000000000000       0x28 ./drivers/Src/stm32_spi.o
 .text.SPI_SendData
                0x0000000000000000       0x6e ./drivers/Src/stm32_spi.o
 .text.SPI_ReceiveData
                0x0000000000000000       0x6e ./drivers/Src/stm32_spi.o
 .text.SPI_PeripheralControl
                0x0000000000000000       0x38 ./drivers/Src/stm32_spi.o
 .text.SPI_SSIConfig
                0x0000000000000000       0x38 ./drivers/Src/stm32_spi.o
 .text.SPI_SSOEConfig
                0x0000000000000000       0x38 ./drivers/Src/stm32_spi.o
 .text.SPI_IRQInterruptConfig
                0x0000000000000000      0x10c ./drivers/Src/stm32_spi.o
 .text.SPI_IRQPriorityConfig
                0x0000000000000000       0x4e ./drivers/Src/stm32_spi.o
 .text.SPI_SendDataIT
                0x0000000000000000       0x48 ./drivers/Src/stm32_spi.o
 .text.SPI_ReceiveDataIT
                0x0000000000000000       0x48 ./drivers/Src/stm32_spi.o
 .text.SPI_IRQHandling
                0x0000000000000000       0x9a ./drivers/Src/stm32_spi.o
 .text.spi_txe_interrupt_handle
                0x0000000000000000       0x80 ./drivers/Src/stm32_spi.o
 .text.SPI_CloseTransmisson
                0x0000000000000000       0x36 ./drivers/Src/stm32_spi.o
 .text.spi_rxne_interrupt_handle
                0x0000000000000000       0x84 ./drivers/Src/stm32_spi.o
 .text.SPI_CloseReception
                0x0000000000000000       0x36 ./drivers/Src/stm32_spi.o
 .text.spi_ovr_err_interrupt_handle
                0x0000000000000000       0x30 ./drivers/Src/stm32_spi.o
 .text.SPI_ClearOVRFlag
                0x0000000000000000       0x20 ./drivers/Src/stm32_spi.o
 .text.SPI_ApplicationEventCallback
                0x0000000000000000       0x18 ./drivers/Src/stm32_spi.o
 .debug_info    0x0000000000000000      0x8df ./drivers/Src/stm32_spi.o
 .debug_abbrev  0x0000000000000000      0x1b7 ./drivers/Src/stm32_spi.o
 .debug_aranges
                0x0000000000000000       0xc0 ./drivers/Src/stm32_spi.o
 .debug_ranges  0x0000000000000000       0xb0 ./drivers/Src/stm32_spi.o
 .debug_macro   0x0000000000000000       0x8a ./drivers/Src/stm32_spi.o
 .debug_macro   0x0000000000000000      0xa7e ./drivers/Src/stm32_spi.o
 .debug_macro   0x0000000000000000       0x22 ./drivers/Src/stm32_spi.o
 .debug_macro   0x0000000000000000       0x8e ./drivers/Src/stm32_spi.o
 .debug_macro   0x0000000000000000       0x51 ./drivers/Src/stm32_spi.o
 .debug_macro   0x0000000000000000      0x103 ./drivers/Src/stm32_spi.o
 .debug_macro   0x0000000000000000       0x6a ./drivers/Src/stm32_spi.o
 .debug_macro   0x0000000000000000      0x1df ./drivers/Src/stm32_spi.o
 .debug_macro   0x0000000000000000      0x706 ./drivers/Src/stm32_spi.o
 .debug_macro   0x0000000000000000      0x174 ./drivers/Src/stm32_spi.o
 .debug_macro   0x0000000000000000       0xbe ./drivers/Src/stm32_spi.o
 .debug_line    0x0000000000000000      0x901 ./drivers/Src/stm32_spi.o
 .debug_str     0x0000000000000000     0x6511 ./drivers/Src/stm32_spi.o
 .comment       0x0000000000000000       0x51 ./drivers/Src/stm32_spi.o
 .debug_frame   0x0000000000000000      0x33c ./drivers/Src/stm32_spi.o
 .ARM.attributes
                0x0000000000000000       0x34 ./drivers/Src/stm32_spi.o
 .group         0x0000000000000000        0xc ./drivers/Src/stm32_uart.o
 .group         0x0000000000000000        0xc ./drivers/Src/stm32_uart.o
 .group         0x0000000000000000        0xc ./drivers/Src/stm32_uart.o
 .group         0x0000000000000000        0xc ./drivers/Src/stm32_uart.o
 .group         0x0000000000000000        0xc ./drivers/Src/stm32_uart.o
 .group         0x0000000000000000        0xc ./drivers/Src/stm32_uart.o
 .group         0x0000000000000000        0xc ./drivers/Src/stm32_uart.o
 .group         0x0000000000000000        0xc ./drivers/Src/stm32_uart.o
 .group         0x0000000000000000        0xc ./drivers/Src/stm32_uart.o
 .group         0x0000000000000000        0xc ./drivers/Src/stm32_uart.o
 .text          0x0000000000000000        0x0 ./drivers/Src/stm32_uart.o
 .data          0x0000000000000000        0x0 ./drivers/Src/stm32_uart.o
 .bss           0x0000000000000000        0x0 ./drivers/Src/stm32_uart.o
 .text.USART_PeriClockControl
                0x0000000000000000       0xbc ./drivers/Src/stm32_uart.o
 .text.USART_Init
                0x0000000000000000      0x106 ./drivers/Src/stm32_uart.o
 .text.USART_SetBaudRate
                0x0000000000000000       0xe4 ./drivers/Src/stm32_uart.o
 .text.USART_PeripheralControl
                0x0000000000000000       0x38 ./drivers/Src/stm32_uart.o
 .text.USART_GetFlagStatus
                0x0000000000000000       0x2e ./drivers/Src/stm32_uart.o
 .text.USART_SendData
                0x0000000000000000       0x9c ./drivers/Src/stm32_uart.o
 .text.USART_ReceiveData
                0x0000000000000000       0xb0 ./drivers/Src/stm32_uart.o
 .text.USART_ClearFlag
                0x0000000000000000       0x26 ./drivers/Src/stm32_uart.o
 .text.USART_IRQInterruptConfig
                0x0000000000000000      0x10c ./drivers/Src/stm32_uart.o
 .text.USART_IRQPriorityConfig
                0x0000000000000000       0x4e ./drivers/Src/stm32_uart.o
 .text.USART_SendDataIT
                0x0000000000000000       0x5c ./drivers/Src/stm32_uart.o
 .text.USART_ReceiveDataIT
                0x0000000000000000       0x52 ./drivers/Src/stm32_uart.o
 .text.USART_IRQHandling
                0x0000000000000000      0x348 ./drivers/Src/stm32_uart.o
 .text.USART_ApplicationEventCallback
                0x0000000000000000       0x18 ./drivers/Src/stm32_uart.o
 .debug_info    0x0000000000000000      0x85c ./drivers/Src/stm32_uart.o
 .debug_abbrev  0x0000000000000000      0x1fb ./drivers/Src/stm32_uart.o
 .debug_aranges
                0x0000000000000000       0x88 ./drivers/Src/stm32_uart.o
 .debug_ranges  0x0000000000000000       0x78 ./drivers/Src/stm32_uart.o
 .debug_macro   0x0000000000000000       0x98 ./drivers/Src/stm32_uart.o
 .debug_macro   0x0000000000000000      0xa7e ./drivers/Src/stm32_uart.o
 .debug_macro   0x0000000000000000       0x22 ./drivers/Src/stm32_uart.o
 .debug_macro   0x0000000000000000       0x8e ./drivers/Src/stm32_uart.o
 .debug_macro   0x0000000000000000       0x51 ./drivers/Src/stm32_uart.o
 .debug_macro   0x0000000000000000      0x103 ./drivers/Src/stm32_uart.o
 .debug_macro   0x0000000000000000       0x6a ./drivers/Src/stm32_uart.o
 .debug_macro   0x0000000000000000      0x1df ./drivers/Src/stm32_uart.o
 .debug_macro   0x0000000000000000      0x706 ./drivers/Src/stm32_uart.o
 .debug_macro   0x0000000000000000      0x174 ./drivers/Src/stm32_uart.o
 .debug_macro   0x0000000000000000      0x100 ./drivers/Src/stm32_uart.o
 .debug_line    0x0000000000000000      0xa58 ./drivers/Src/stm32_uart.o
 .debug_str     0x0000000000000000     0x6663 ./drivers/Src/stm32_uart.o
 .comment       0x0000000000000000       0x51 ./drivers/Src/stm32_uart.o
 .debug_frame   0x0000000000000000      0x230 ./drivers/Src/stm32_uart.o
 .ARM.attributes
                0x0000000000000000       0x34 ./drivers/Src/stm32_uart.o
 .text          0x0000000000000000        0x0 f:/stm32cubeide/stm32cubeide_1.10.1/stm32cubeide/plugins/com.st.stm32cube.ide.mcu.externaltools.gnu-tools-for-stm32.10.3-2021.10.win32_1.0.0.202111181127/tools/bin/../lib/gcc/arm-none-eabi/10.3.1/../../../../arm-none-eabi/lib/thumb/v7e-m+fp/hard\libc_nano.a(lib_a-errno.o)
 .data          0x0000000000000000        0x0 f:/stm32cubeide/stm32cubeide_1.10.1/stm32cubeide/plugins/com.st.stm32cube.ide.mcu.externaltools.gnu-tools-for-stm32.10.3-2021.10.win32_1.0.0.202111181127/tools/bin/../lib/gcc/arm-none-eabi/10.3.1/../../../../arm-none-eabi/lib/thumb/v7e-m+fp/hard\libc_nano.a(lib_a-errno.o)
 .bss           0x0000000000000000        0x0 f:/stm32cubeide/stm32cubeide_1.10.1/stm32cubeide/plugins/com.st.stm32cube.ide.mcu.externaltools.gnu-tools-for-stm32.10.3-2021.10.win32_1.0.0.202111181127/tools/bin/../lib/gcc/arm-none-eabi/10.3.1/../../../../arm-none-eabi/lib/thumb/v7e-m+fp/hard\libc_nano.a(lib_a-errno.o)
 .text.__errno  0x0000000000000000        0xc f:/stm32cubeide/stm32cubeide_1.10.1/stm32cubeide/plugins/com.st.stm32cube.ide.mcu.externaltools.gnu-tools-for-stm32.10.3-2021.10.win32_1.0.0.202111181127/tools/bin/../lib/gcc/arm-none-eabi/10.3.1/../../../../arm-none-eabi/lib/thumb/v7e-m+fp/hard\libc_nano.a(lib_a-errno.o)
 .debug_frame   0x0000000000000000       0x20 f:/stm32cubeide/stm32cubeide_1.10.1/stm32cubeide/plugins/com.st.stm32cube.ide.mcu.externaltools.gnu-tools-for-stm32.10.3-2021.10.win32_1.0.0.202111181127/tools/bin/../lib/gcc/arm-none-eabi/10.3.1/../../../../arm-none-eabi/lib/thumb/v7e-m+fp/hard\libc_nano.a(lib_a-errno.o)
 .ARM.attributes
                0x0000000000000000       0x34 f:/stm32cubeide/stm32cubeide_1.10.1/stm32cubeide/plugins/com.st.stm32cube.ide.mcu.externaltools.gnu-tools-for-stm32.10.3-2021.10.win32_1.0.0.202111181127/tools/bin/../lib/gcc/arm-none-eabi/10.3.1/../../../../arm-none-eabi/lib/thumb/v7e-m+fp/hard\libc_nano.a(lib_a-errno.o)
 .text          0x0000000000000000        0x0 f:/stm32cubeide/stm32cubeide_1.10.1/stm32cubeide/plugins/com.st.stm32cube.ide.mcu.externaltools.gnu-tools-for-stm32.10.3-2021.10.win32_1.0.0.202111181127/tools/bin/../lib/gcc/arm-none-eabi/10.3.1/../../../../arm-none-eabi/lib/thumb/v7e-m+fp/hard\libc_nano.a(lib_a-exit.o)
 .data          0x0000000000000000        0x0 f:/stm32cubeide/stm32cubeide_1.10.1/stm32cubeide/plugins/com.st.stm32cube.ide.mcu.externaltools.gnu-tools-for-stm32.10.3-2021.10.win32_1.0.0.202111181127/tools/bin/../lib/gcc/arm-none-eabi/10.3.1/../../../../arm-none-eabi/lib/thumb/v7e-m+fp/hard\libc_nano.a(lib_a-exit.o)
 .bss           0x0000000000000000        0x0 f:/stm32cubeide/stm32cubeide_1.10.1/stm32cubeide/plugins/com.st.stm32cube.ide.mcu.externaltools.gnu-tools-for-stm32.10.3-2021.10.win32_1.0.0.202111181127/tools/bin/../lib/gcc/arm-none-eabi/10.3.1/../../../../arm-none-eabi/lib/thumb/v7e-m+fp/hard\libc_nano.a(lib_a-exit.o)
 .text.exit     0x0000000000000000       0x28 f:/stm32cubeide/stm32cubeide_1.10.1/stm32cubeide/plugins/com.st.stm32cube.ide.mcu.externaltools.gnu-tools-for-stm32.10.3-2021.10.win32_1.0.0.202111181127/tools/bin/../lib/gcc/arm-none-eabi/10.3.1/../../../../arm-none-eabi/lib/thumb/v7e-m+fp/hard\libc_nano.a(lib_a-exit.o)
 .debug_frame   0x0000000000000000       0x28 f:/stm32cubeide/stm32cubeide_1.10.1/stm32cubeide/plugins/com.st.stm32cube.ide.mcu.externaltools.gnu-tools-for-stm32.10.3-2021.10.win32_1.0.0.202111181127/tools/bin/../lib/gcc/arm-none-eabi/10.3.1/../../../../arm-none-eabi/lib/thumb/v7e-m+fp/hard\libc_nano.a(lib_a-exit.o)
 .ARM.attributes
                0x0000000000000000       0x34 f:/stm32cubeide/stm32cubeide_1.10.1/stm32cubeide/plugins/com.st.stm32cube.ide.mcu.externaltools.gnu-tools-for-stm32.10.3-2021.10.win32_1.0.0.202111181127/tools/bin/../lib/gcc/arm-none-eabi/10.3.1/../../../../arm-none-eabi/lib/thumb/v7e-m+fp/hard\libc_nano.a(lib_a-exit.o)
 .text          0x0000000000000000        0x0 f:/stm32cubeide/stm32cubeide_1.10.1/stm32cubeide/plugins/com.st.stm32cube.ide.mcu.externaltools.gnu-tools-for-stm32.10.3-2021.10.win32_1.0.0.202111181127/tools/bin/../lib/gcc/arm-none-eabi/10.3.1/../../../../arm-none-eabi/lib/thumb/v7e-m+fp/hard\libc_nano.a(lib_a-impure.o)
 .data          0x0000000000000000        0x0 f:/stm32cubeide/stm32cubeide_1.10.1/stm32cubeide/plugins/com.st.stm32cube.ide.mcu.externaltools.gnu-tools-for-stm32.10.3-2021.10.win32_1.0.0.202111181127/tools/bin/../lib/gcc/arm-none-eabi/10.3.1/../../../../arm-none-eabi/lib/thumb/v7e-m+fp/hard\libc_nano.a(lib_a-impure.o)
 .bss           0x0000000000000000        0x0 f:/stm32cubeide/stm32cubeide_1.10.1/stm32cubeide/plugins/com.st.stm32cube.ide.mcu.externaltools.gnu-tools-for-stm32.10.3-2021.10.win32_1.0.0.202111181127/tools/bin/../lib/gcc/arm-none-eabi/10.3.1/../../../../arm-none-eabi/lib/thumb/v7e-m+fp/hard\libc_nano.a(lib_a-impure.o)
 .data._impure_ptr
                0x0000000000000000        0x4 f:/stm32cubeide/stm32cubeide_1.10.1/stm32cubeide/plugins/com.st.stm32cube.ide.mcu.externaltools.gnu-tools-for-stm32.10.3-2021.10.win32_1.0.0.202111181127/tools/bin/../lib/gcc/arm-none-eabi/10.3.1/../../../../arm-none-eabi/lib/thumb/v7e-m+fp/hard\libc_nano.a(lib_a-impure.o)
 .data.impure_data
                0x0000000000000000       0x60 f:/stm32cubeide/stm32cubeide_1.10.1/stm32cubeide/plugins/com.st.stm32cube.ide.mcu.externaltools.gnu-tools-for-stm32.10.3-2021.10.win32_1.0.0.202111181127/tools/bin/../lib/gcc/arm-none-eabi/10.3.1/../../../../arm-none-eabi/lib/thumb/v7e-m+fp/hard\libc_nano.a(lib_a-impure.o)
 .rodata._global_impure_ptr
                0x0000000000000000        0x4 f:/stm32cubeide/stm32cubeide_1.10.1/stm32cubeide/plugins/com.st.stm32cube.ide.mcu.externaltools.gnu-tools-for-stm32.10.3-2021.10.win32_1.0.0.202111181127/tools/bin/../lib/gcc/arm-none-eabi/10.3.1/../../../../arm-none-eabi/lib/thumb/v7e-m+fp/hard\libc_nano.a(lib_a-impure.o)
 .ARM.attributes
                0x0000000000000000       0x34 f:/stm32cubeide/stm32cubeide_1.10.1/stm32cubeide/plugins/com.st.stm32cube.ide.mcu.externaltools.gnu-tools-for-stm32.10.3-2021.10.win32_1.0.0.202111181127/tools/bin/../lib/gcc/arm-none-eabi/10.3.1/../../../../arm-none-eabi/lib/thumb/v7e-m+fp/hard\libc_nano.a(lib_a-impure.o)
 .text          0x0000000000000000        0x0 f:/stm32cubeide/stm32cubeide_1.10.1/stm32cubeide/plugins/com.st.stm32cube.ide.mcu.externaltools.gnu-tools-for-stm32.10.3-2021.10.win32_1.0.0.202111181127/tools/bin/../lib/gcc/arm-none-eabi/10.3.1/../../../../arm-none-eabi/lib/thumb/v7e-m+fp/hard\libc_nano.a(lib_a-init.o)
 .data          0x0000000000000000        0x0 f:/stm32cubeide/stm32cubeide_1.10.1/stm32cubeide/plugins/com.st.stm32cube.ide.mcu.externaltools.gnu-tools-for-stm32.10.3-2021.10.win32_1.0.0.202111181127/tools/bin/../lib/gcc/arm-none-eabi/10.3.1/../../../../arm-none-eabi/lib/thumb/v7e-m+fp/hard\libc_nano.a(lib_a-init.o)
 .bss           0x0000000000000000        0x0 f:/stm32cubeide/stm32cubeide_1.10.1/stm32cubeide/plugins/com.st.stm32cube.ide.mcu.externaltools.gnu-tools-for-stm32.10.3-2021.10.win32_1.0.0.202111181127/tools/bin/../lib/gcc/arm-none-eabi/10.3.1/../../../../arm-none-eabi/lib/thumb/v7e-m+fp/hard\libc_nano.a(lib_a-init.o)
 .text          0x0000000000000000        0x0 f:/stm32cubeide/stm32cubeide_1.10.1/stm32cubeide/plugins/com.st.stm32cube.ide.mcu.externaltools.gnu-tools-for-stm32.10.3-2021.10.win32_1.0.0.202111181127/tools/bin/../lib/gcc/arm-none-eabi/10.3.1/../../../../arm-none-eabi/lib/thumb/v7e-m+fp/hard\libc_nano.a(lib_a-memset.o)
 .data          0x0000000000000000        0x0 f:/stm32cubeide/stm32cubeide_1.10.1/stm32cubeide/plugins/com.st.stm32cube.ide.mcu.externaltools.gnu-tools-for-stm32.10.3-2021.10.win32_1.0.0.202111181127/tools/bin/../lib/gcc/arm-none-eabi/10.3.1/../../../../arm-none-eabi/lib/thumb/v7e-m+fp/hard\libc_nano.a(lib_a-memset.o)
 .bss           0x0000000000000000        0x0 f:/stm32cubeide/stm32cubeide_1.10.1/stm32cubeide/plugins/com.st.stm32cube.ide.mcu.externaltools.gnu-tools-for-stm32.10.3-2021.10.win32_1.0.0.202111181127/tools/bin/../lib/gcc/arm-none-eabi/10.3.1/../../../../arm-none-eabi/lib/thumb/v7e-m+fp/hard\libc_nano.a(lib_a-memset.o)
 .text.memset   0x0000000000000000       0x10 f:/stm32cubeide/stm32cubeide_1.10.1/stm32cubeide/plugins/com.st.stm32cube.ide.mcu.externaltools.gnu-tools-for-stm32.10.3-2021.10.win32_1.0.0.202111181127/tools/bin/../lib/gcc/arm-none-eabi/10.3.1/../../../../arm-none-eabi/lib/thumb/v7e-m+fp/hard\libc_nano.a(lib_a-memset.o)
 .debug_frame   0x0000000000000000       0x20 f:/stm32cubeide/stm32cubeide_1.10.1/stm32cubeide/plugins/com.st.stm32cube.ide.mcu.externaltools.gnu-tools-for-stm32.10.3-2021.10.win32_1.0.0.202111181127/tools/bin/../lib/gcc/arm-none-eabi/10.3.1/../../../../arm-none-eabi/lib/thumb/v7e-m+fp/hard\libc_nano.a(lib_a-memset.o)
 .ARM.attributes
                0x0000000000000000       0x34 f:/stm32cubeide/stm32cubeide_1.10.1/stm32cubeide/plugins/com.st.stm32cube.ide.mcu.externaltools.gnu-tools-for-stm32.10.3-2021.10.win32_1.0.0.202111181127/tools/bin/../lib/gcc/arm-none-eabi/10.3.1/../../../../arm-none-eabi/lib/thumb/v7e-m+fp/hard\libc_nano.a(lib_a-memset.o)
 .text          0x0000000000000000        0x0 f:/stm32cubeide/stm32cubeide_1.10.1/stm32cubeide/plugins/com.st.stm32cube.ide.mcu.externaltools.gnu-tools-for-stm32.10.3-2021.10.win32_1.0.0.202111181127/tools/bin/../lib/gcc/arm-none-eabi/10.3.1/thumb/v7e-m+fp/hard/crtend.o
 .data          0x0000000000000000        0x0 f:/stm32cubeide/stm32cubeide_1.10.1/stm32cubeide/plugins/com.st.stm32cube.ide.mcu.externaltools.gnu-tools-for-stm32.10.3-2021.10.win32_1.0.0.202111181127/tools/bin/../lib/gcc/arm-none-eabi/10.3.1/thumb/v7e-m+fp/hard/crtend.o
 .bss           0x0000000000000000        0x0 f:/stm32cubeide/stm32cubeide_1.10.1/stm32cubeide/plugins/com.st.stm32cube.ide.mcu.externaltools.gnu-tools-for-stm32.10.3-2021.10.win32_1.0.0.202111181127/tools/bin/../lib/gcc/arm-none-eabi/10.3.1/thumb/v7e-m+fp/hard/crtend.o
 .rodata        0x0000000000000000       0x24 f:/stm32cubeide/stm32cubeide_1.10.1/stm32cubeide/plugins/com.st.stm32cube.ide.mcu.externaltools.gnu-tools-for-stm32.10.3-2021.10.win32_1.0.0.202111181127/tools/bin/../lib/gcc/arm-none-eabi/10.3.1/thumb/v7e-m+fp/hard/crtend.o
 .eh_frame      0x0000000000000000        0x4 f:/stm32cubeide/stm32cubeide_1.10.1/stm32cubeide/plugins/com.st.stm32cube.ide.mcu.externaltools.gnu-tools-for-stm32.10.3-2021.10.win32_1.0.0.202111181127/tools/bin/../lib/gcc/arm-none-eabi/10.3.1/thumb/v7e-m+fp/hard/crtend.o
 .ARM.attributes
                0x0000000000000000       0x34 f:/stm32cubeide/stm32cubeide_1.10.1/stm32cubeide/plugins/com.st.stm32cube.ide.mcu.externaltools.gnu-tools-for-stm32.10.3-2021.10.win32_1.0.0.202111181127/tools/bin/../lib/gcc/arm-none-eabi/10.3.1/thumb/v7e-m+fp/hard/crtend.o
 .text          0x0000000000000000        0x0 f:/stm32cubeide/stm32cubeide_1.10.1/stm32cubeide/plugins/com.st.stm32cube.ide.mcu.externaltools.gnu-tools-for-stm32.10.3-2021.10.win32_1.0.0.202111181127/tools/bin/../lib/gcc/arm-none-eabi/10.3.1/thumb/v7e-m+fp/hard/crtn.o
 .data          0x0000000000000000        0x0 f:/stm32cubeide/stm32cubeide_1.10.1/stm32cubeide/plugins/com.st.stm32cube.ide.mcu.externaltools.gnu-tools-for-stm32.10.3-2021.10.win32_1.0.0.202111181127/tools/bin/../lib/gcc/arm-none-eabi/10.3.1/thumb/v7e-m+fp/hard/crtn.o
 .bss           0x0000000000000000        0x0 f:/stm32cubeide/stm32cubeide_1.10.1/stm32cubeide/plugins/com.st.stm32cube.ide.mcu.externaltools.gnu-tools-for-stm32.10.3-2021.10.win32_1.0.0.202111181127/tools/bin/../lib/gcc/arm-none-eabi/10.3.1/thumb/v7e-m+fp/hard/crtn.o

Memory Configuration

Name             Origin             Length             Attributes
CCMRAM           0x0000000010000000 0x0000000000010000 xrw
RAM              0x0000000020000000 0x0000000000020000 xrw
FLASH            0x0000000008000000 0x0000000000100000 xr
*default*        0x0000000000000000 0xffffffffffffffff

Linker script and memory map

LOAD f:/stm32cubeide/stm32cubeide_1.10.1/stm32cubeide/plugins/com.st.stm32cube.ide.mcu.externaltools.gnu-tools-for-stm32.10.3-2021.10.win32_1.0.0.202111181127/tools/bin/../lib/gcc/arm-none-eabi/10.3.1/thumb/v7e-m+fp/hard/crti.o
LOAD f:/stm32cubeide/stm32cubeide_1.10.1/stm32cubeide/plugins/com.st.stm32cube.ide.mcu.externaltools.gnu-tools-for-stm32.10.3-2021.10.win32_1.0.0.202111181127/tools/bin/../lib/gcc/arm-none-eabi/10.3.1/thumb/v7e-m+fp/hard/crtbegin.o
LOAD f:/stm32cubeide/stm32cubeide_1.10.1/stm32cubeide/plugins/com.st.stm32cube.ide.mcu.externaltools.gnu-tools-for-stm32.10.3-2021.10.win32_1.0.0.202111181127/tools/bin/../lib/gcc/arm-none-eabi/10.3.1/../../../../arm-none-eabi/lib/thumb/v7e-m+fp/hard/crt0.o
LOAD ./Src/i2c_slave_tx_it.o
LOAD ./Src/syscalls.o
LOAD ./Src/sysmem.o
LOAD ./Startup/startup_stm32f407vgtx.o
LOAD ./drivers/Src/stm32_gpio.o
LOAD ./drivers/Src/stm32_i2c.o
LOAD ./drivers/Src/stm32_rcc.o
LOAD ./drivers/Src/stm32_spi.o
LOAD ./drivers/Src/stm32_uart.o
START GROUP
LOAD f:/stm32cubeide/stm32cubeide_1.10.1/stm32cubeide/plugins/com.st.stm32cube.ide.mcu.externaltools.gnu-tools-for-stm32.10.3-2021.10.win32_1.0.0.202111181127/tools/bin/../lib/gcc/arm-none-eabi/10.3.1/../../../../arm-none-eabi/lib/thumb/v7e-m+fp/hard\libc_nano.a
LOAD f:/stm32cubeide/stm32cubeide_1.10.1/stm32cubeide/plugins/com.st.stm32cube.ide.mcu.externaltools.gnu-tools-for-stm32.10.3-2021.10.win32_1.0.0.202111181127/tools/bin/../lib/gcc/arm-none-eabi/10.3.1/../../../../arm-none-eabi/lib/thumb/v7e-m+fp/hard\libm.a
END GROUP
START GROUP
LOAD f:/stm32cubeide/stm32cubeide_1.10.1/stm32cubeide/plugins/com.st.stm32cube.ide.mcu.externaltools.gnu-tools-for-stm32.10.3-2021.10.win32_1.0.0.202111181127/tools/bin/../lib/gcc/arm-none-eabi/10.3.1/thumb/v7e-m+fp/hard\libgcc.a
LOAD f:/stm32cubeide/stm32cubeide_1.10.1/stm32cubeide/plugins/com.st.stm32cube.ide.mcu.externaltools.gnu-tools-for-stm32.10.3-2021.10.win32_1.0.0.202111181127/tools/bin/../lib/gcc/arm-none-eabi/10.3.1/../../../../arm-none-eabi/lib/thumb/v7e-m+fp/hard\libc_nano.a
END GROUP
START GROUP
LOAD f:/stm32cubeide/stm32cubeide_1.10.1/stm32cubeide/plugins/com.st.stm32cube.ide.mcu.externaltools.gnu-tools-for-stm32.10.3-2021.10.win32_1.0.0.202111181127/tools/bin/../lib/gcc/arm-none-eabi/10.3.1/thumb/v7e-m+fp/hard\libgcc.a
LOAD f:/stm32cubeide/stm32cubeide_1.10.1/stm32cubeide/plugins/com.st.stm32cube.ide.mcu.externaltools.gnu-tools-for-stm32.10.3-2021.10.win32_1.0.0.202111181127/tools/bin/../lib/gcc/arm-none-eabi/10.3.1/../../../../arm-none-eabi/lib/thumb/v7e-m+fp/hard\libc_nano.a
LOAD f:/stm32cubeide/stm32cubeide_1.10.1/stm32cubeide/plugins/com.st.stm32cube.ide.mcu.externaltools.gnu-tools-for-stm32.10.3-2021.10.win32_1.0.0.202111181127/tools/bin/../lib/gcc/arm-none-eabi/10.3.1/../../../../arm-none-eabi/lib/thumb/v7e-m+fp/hard\libnosys.a
END GROUP
START GROUP
LOAD f:/stm32cubeide/stm32cubeide_1.10.1/stm32cubeide/plugins/com.st.stm32cube.ide.mcu.externaltools.gnu-tools-for-stm32.10.3-2021.10.win32_1.0.0.202111181127/tools/bin/../lib/gcc/arm-none-eabi/10.3.1/thumb/v7e-m+fp/hard\libgcc.a
LOAD f:/stm32cubeide/stm32cubeide_1.10.1/stm32cubeide/plugins/com.st.stm32cube.ide.mcu.externaltools.gnu-tools-for-stm32.10.3-2021.10.win32_1.0.0.202111181127/tools/bin/../lib/gcc/arm-none-eabi/10.3.1/../../../../arm-none-eabi/lib/thumb/v7e-m+fp/hard\libc_nano.a
LOAD f:/stm32cubeide/stm32cubeide_1.10.1/stm32cubeide/plugins/com.st.stm32cube.ide.mcu.externaltools.gnu-tools-for-stm32.10.3-2021.10.win32_1.0.0.202111181127/tools/bin/../lib/gcc/arm-none-eabi/10.3.1/../../../../arm-none-eabi/lib/thumb/v7e-m+fp/hard\libnosys.a
END GROUP
LOAD f:/stm32cubeide/stm32cubeide_1.10.1/stm32cubeide/plugins/com.st.stm32cube.ide.mcu.externaltools.gnu-tools-for-stm32.10.3-2021.10.win32_1.0.0.202111181127/tools/bin/../lib/gcc/arm-none-eabi/10.3.1/thumb/v7e-m+fp/hard/crtend.o
LOAD f:/stm32cubeide/stm32cubeide_1.10.1/stm32cubeide/plugins/com.st.stm32cube.ide.mcu.externaltools.gnu-tools-for-stm32.10.3-2021.10.win32_1.0.0.202111181127/tools/bin/../lib/gcc/arm-none-eabi/10.3.1/thumb/v7e-m+fp/hard/crtn.o
                0x0000000020020000                _estack = (ORIGIN (RAM) + LENGTH (RAM))
                0x0000000000000200                _Min_Heap_Size = 0x200
                0x0000000000000400                _Min_Stack_Size = 0x400

.isr_vector     0x0000000008000000      0x1a8
                0x0000000008000000                . = ALIGN (0x4)
 *(.isr_vector)
 .isr_vector    0x0000000008000000      0x1a8 ./Startup/startup_stm32f407vgtx.o
                0x0000000008000000                g_pfnVectors
                0x00000000080001a8                . = ALIGN (0x4)

.text           0x00000000080001a8     0x10a4
                0x00000000080001a8                . = ALIGN (0x4)
 *(.text)
 .text          0x00000000080001a8       0x40 f:/stm32cubeide/stm32cubeide_1.10.1/stm32cubeide/plugins/com.st.stm32cube.ide.mcu.externaltools.gnu-tools-for-stm32.10.3-2021.10.win32_1.0.0.202111181127/tools/bin/../lib/gcc/arm-none-eabi/10.3.1/thumb/v7e-m+fp/hard/crtbegin.o
 *(.text*)
 .text.I2C1_GPIOInits
                0x00000000080001e8       0x44 ./Src/i2c_slave_tx_it.o
                0x00000000080001e8                I2C1_GPIOInits
 .text.I2C1_Inits
                0x000000000800022c       0x38 ./Src/i2c_slave_tx_it.o
                0x000000000800022c                I2C1_Inits
 .text.main     0x0000000008000264       0x3c ./Src/i2c_slave_tx_it.o
                0x0000000008000264                main
 .text.I2C1_EV_IRQHandler
                0x00000000080002a0       0x14 ./Src/i2c_slave_tx_it.o
                0x00000000080002a0                I2C1_EV_IRQHandler
 .text.I2C1_ER_IRQHandler
                0x00000000080002b4       0x14 ./Src/i2c_slave_tx_it.o
                0x00000000080002b4                I2C1_ER_IRQHandler
 .text.I2C_ApplicationEventCallback
                0x00000000080002c8       0x90 ./Src/i2c_slave_tx_it.o
                0x00000000080002c8                I2C_ApplicationEventCallback
 .text.Reset_Handler
                0x0000000008000358       0x50 ./Startup/startup_stm32f407vgtx.o
                0x0000000008000358                Reset_Handler
 .text.Default_Handler
                0x00000000080003a8        0x2 ./Startup/startup_stm32f407vgtx.o
                0x00000000080003a8                RTC_Alarm_IRQHandler
                0x00000000080003a8                HASH_RNG_IRQHandler
                0x00000000080003a8                EXTI2_IRQHandler
                0x00000000080003a8                TIM8_CC_IRQHandler
                0x00000000080003a8                DebugMon_Handler
                0x00000000080003a8                TIM1_CC_IRQHandler
                0x00000000080003a8                DMA2_Stream5_IRQHandler
                0x00000000080003a8                HardFault_Handler
                0x00000000080003a8                DMA1_Stream5_IRQHandler
                0x00000000080003a8                SysTick_Handler
                0x00000000080003a8                PVD_IRQHandler
                0x00000000080003a8                SDIO_IRQHandler
                0x00000000080003a8                TAMP_STAMP_IRQHandler
                0x00000000080003a8                PendSV_Handler
                0x00000000080003a8                NMI_Handler
                0x00000000080003a8                CAN2_RX1_IRQHandler
                0x00000000080003a8                EXTI3_IRQHandler
                0x00000000080003a8                TIM8_TRG_COM_TIM14_IRQHandler
                0x00000000080003a8                TIM1_UP_TIM10_IRQHandler
                0x00000000080003a8                TIM8_UP_TIM13_IRQHandler
                0x00000000080003a8                I2C3_ER_IRQHandler
                0x00000000080003a8                LCD_TFT_IRQHandler
                0x00000000080003a8                EXTI0_IRQHandler
                0x00000000080003a8                I2C2_EV_IRQHandler
                0x00000000080003a8                DMA1_Stream2_IRQHandler
                0x00000000080003a8                CAN1_RX0_IRQHandler
                0x00000000080003a8                FPU_IRQHandler
                0x00000000080003a8                OTG_HS_WKUP_IRQHandler
                0x00000000080003a8                UsageFault_Handler
                0x00000000080003a8                CAN2_SCE_IRQHandler
                0x00000000080003a8                DMA2_Stream2_IRQHandler
                0x00000000080003a8                SPI1_IRQHandler
                0x00000000080003a8                TIM6_DAC_IRQHandler
                0x00000000080003a8                TIM1_BRK_TIM9_IRQHandler
                0x00000000080003a8                DCMI_IRQHandler
                0x00000000080003a8                CAN2_RX0_IRQHandler
                0x00000000080003a8                DMA2_Stream3_IRQHandler
                0x00000000080003a8                USART6_IRQHandler
                0x00000000080003a8                USART3_IRQHandler
                0x00000000080003a8                CRYP_IRQHandler
                0x00000000080003a8                CAN1_RX1_IRQHandler
                0x00000000080003a8                UART5_IRQHandler
                0x00000000080003a8                DMA2_Stream0_IRQHandler
                0x00000000080003a8                TIM4_IRQHandler
                0x00000000080003a8                DMA1_Stream6_IRQHandler
                0x00000000080003a8                DMA1_Stream1_IRQHandler
                0x00000000080003a8                UART4_IRQHandler
                0x00000000080003a8                LCD_TFT_1_IRQHandler
                0x00000000080003a8                TIM3_IRQHandler
                0x00000000080003a8                RCC_IRQHandler
                0x00000000080003a8                TIM8_BRK_TIM12_IRQHandler
                0x00000000080003a8                Default_Handler
                0x00000000080003a8                EXTI15_10_IRQHandler
                0x00000000080003a8                ADC_IRQHandler
                0x00000000080003a8                DMA1_Stream7_IRQHandler
                0x00000000080003a8                TIM7_IRQHandler
                0x00000000080003a8                CAN2_TX_IRQHandler
                0x00000000080003a8                TIM5_IRQHandler
                0x00000000080003a8                DMA2_Stream7_IRQHandler
                0x00000000080003a8                I2C3_EV_IRQHandler
                0x00000000080003a8                EXTI9_5_IRQHandler
                0x00000000080003a8                RTC_WKUP_IRQHandler
                0x00000000080003a8                ETH_WKUP_IRQHandler
                0x00000000080003a8                SPI2_IRQHandler
                0x00000000080003a8                OTG_HS_EP1_IN_IRQHandler
                0x00000000080003a8                MemManage_Handler
                0x00000000080003a8                DMA1_Stream0_IRQHandler
                0x00000000080003a8                CAN1_TX_IRQHandler
                0x00000000080003a8                SVC_Handler
                0x00000000080003a8                EXTI4_IRQHandler
                0x00000000080003a8                FSMC_IRQHandler
                0x00000000080003a8                ETH_IRQHandler
                0x00000000080003a8                OTG_HS_EP1_OUT_IRQHandler
                0x00000000080003a8                WWDG_IRQHandler
                0x00000000080003a8                TIM2_IRQHandler
                0x00000000080003a8                OTG_FS_WKUP_IRQHandler
                0x00000000080003a8                TIM1_TRG_COM_TIM11_IRQHandler
                0x00000000080003a8                OTG_HS_IRQHandler
                0x00000000080003a8                EXTI1_IRQHandler
                0x00000000080003a8                USART2_IRQHandler
                0x00000000080003a8                I2C2_ER_IRQHandler
                0x00000000080003a8                DMA2_Stream1_IRQHandler
                0x00000000080003a8                CAN1_SCE_IRQHandler
                0x00000000080003a8                DMA2_Stream4_IRQHandler
                0x00000000080003a8                BusFault_Handler
                0x00000000080003a8                USART1_IRQHandler
                0x00000000080003a8                OTG_FS_IRQHandler
                0x00000000080003a8                SPI3_IRQHandler
                0x00000000080003a8                DMA1_Stream4_IRQHandler
                0x00000000080003a8                DMA2_Stream6_IRQHandler
                0x00000000080003a8                DMA1_Stream3_IRQHandler
 *fill*         0x00000000080003aa        0x2 
 .text.GPIO_PeriClockControl
                0x00000000080003ac      0x10c ./drivers/Src/stm32_gpio.o
                0x00000000080003ac                GPIO_PeriClockControl
 .text.GPIO_Init
                0x00000000080004b8      0x338 ./drivers/Src/stm32_gpio.o
                0x00000000080004b8                GPIO_Init
 .text.I2C_ExecuteAddressPhaseWrite
                0x00000000080007f0       0x2c ./drivers/Src/stm32_i2c.o
 .text.I2C_ClearADDRFlag
                0x000000000800081c       0x6e ./drivers/Src/stm32_i2c.o
 .text.I2C_ExecuteAddressPhaseRead
                0x000000000800088a       0x2c ./drivers/Src/stm32_i2c.o
 .text.I2C_MasterHandleTXEInterrupt
                0x00000000080008b6       0x3c ./drivers/Src/stm32_i2c.o
 .text.I2C_CloseReceiveData
                0x00000000080008f2       0x5c ./drivers/Src/stm32_i2c.o
                0x00000000080008f2                I2C_CloseReceiveData
 .text.I2C_MasterHandleRXNEInterrupt
                0x000000000800094e       0x98 ./drivers/Src/stm32_i2c.o
 .text.I2C_PeripheralControl
                0x00000000080009e6       0x38 ./drivers/Src/stm32_i2c.o
                0x00000000080009e6                I2C_PeripheralControl
 *fill*         0x0000000008000a1e        0x2 
 .text.I2C_PeriClockControl
                0x0000000008000a20       0xb0 ./drivers/Src/stm32_i2c.o
                0x0000000008000a20                I2C_PeriClockControl
 .text.I2C_Init
                0x0000000008000ad0      0x164 ./drivers/Src/stm32_i2c.o
                0x0000000008000ad0                I2C_Init
 .text.I2C_GenerateStopCondition
                0x0000000008000c34       0x20 ./drivers/Src/stm32_i2c.o
                0x0000000008000c34                I2C_GenerateStopCondition
 .text.I2C_ManageAcking
                0x0000000008000c54       0x38 ./drivers/Src/stm32_i2c.o
                0x0000000008000c54                I2C_ManageAcking
 .text.I2C_IRQInterruptConfig
                0x0000000008000c8c      0x10c ./drivers/Src/stm32_i2c.o
                0x0000000008000c8c                I2C_IRQInterruptConfig
 .text.I2C_CloseSendData
                0x0000000008000d98       0x46 ./drivers/Src/stm32_i2c.o
                0x0000000008000d98                I2C_CloseSendData
 .text.I2C_EV_IRQHandling
                0x0000000008000dde      0x1b8 ./drivers/Src/stm32_i2c.o
                0x0000000008000dde                I2C_EV_IRQHandling
 .text.I2C_ER_IRQHandling
                0x0000000008000f96      0x10c ./drivers/Src/stm32_i2c.o
                0x0000000008000f96                I2C_ER_IRQHandling
 .text.I2C_SlaveSendData
                0x00000000080010a2       0x1e ./drivers/Src/stm32_i2c.o
                0x00000000080010a2                I2C_SlaveSendData
 .text.I2C_SlaveReceiveData
                0x00000000080010c0       0x1a ./drivers/Src/stm32_i2c.o
                0x00000000080010c0                I2C_SlaveReceiveData
 .text.I2C_SlaveEnableDisableCallbackEvents
                0x00000000080010da       0x68 ./drivers/Src/stm32_i2c.o
                0x00000000080010da                I2C_SlaveEnableDisableCallbackEvents
 *fill*         0x0000000008001142        0x2 
 .text.RCC_GetPCLK1Value
                0x0000000008001144       0xa8 ./drivers/Src/stm32_rcc.o
                0x0000000008001144                RCC_GetPCLK1Value
 .text.__libc_init_array
                0x00000000080011ec       0x48 f:/stm32cubeide/stm32cubeide_1.10.1/stm32cubeide/plugins/com.st.stm32cube.ide.mcu.externaltools.gnu-tools-for-stm32.10.3-2021.10.win32_1.0.0.202111181127/tools/bin/../lib/gcc/arm-none-eabi/10.3.1/../../../../arm-none-eabi/lib/thumb/v7e-m+fp/hard\libc_nano.a(lib_a-init.o)
                0x00000000080011ec                __libc_init_array
 *(.glue_7)
 .glue_7        0x0000000008001234        0x0 linker stubs
 *(.glue_7t)
 .glue_7t       0x0000000008001234        0x0 linker stubs
 *(.eh_frame)
 .eh_frame      0x0000000008001234        0x0 f:/stm32cubeide/stm32cubeide_1.10.1/stm32cubeide/plugins/com.st.stm32cube.ide.mcu.externaltools.gnu-tools-for-stm32.10.3-2021.10.win32_1.0.0.202111181127/tools/bin/../lib/gcc/arm-none-eabi/10.3.1/thumb/v7e-m+fp/hard/crtbegin.o
 *(.init)
 .init          0x0000000008001234        0x4 f:/stm32cubeide/stm32cubeide_1.10.1/stm32cubeide/plugins/com.st.stm32cube.ide.mcu.externaltools.gnu-tools-for-stm32.10.3-2021.10.win32_1.0.0.202111181127/tools/bin/../lib/gcc/arm-none-eabi/10.3.1/thumb/v7e-m+fp/hard/crti.o
                0x0000000008001234                _init
 .init          0x0000000008001238        0x8 f:/stm32cubeide/stm32cubeide_1.10.1/stm32cubeide/plugins/com.st.stm32cube.ide.mcu.externaltools.gnu-tools-for-stm32.10.3-2021.10.win32_1.0.0.202111181127/tools/bin/../lib/gcc/arm-none-eabi/10.3.1/thumb/v7e-m+fp/hard/crtn.o
 *(.fini)
 .fini          0x0000000008001240        0x4 f:/stm32cubeide/stm32cubeide_1.10.1/stm32cubeide/plugins/com.st.stm32cube.ide.mcu.externaltools.gnu-tools-for-stm32.10.3-2021.10.win32_1.0.0.202111181127/tools/bin/../lib/gcc/arm-none-eabi/10.3.1/thumb/v7e-m+fp/hard/crti.o
                0x0000000008001240                _fini
 .fini          0x0000000008001244        0x8 f:/stm32cubeide/stm32cubeide_1.10.1/stm32cubeide/plugins/com.st.stm32cube.ide.mcu.externaltools.gnu-tools-for-stm32.10.3-2021.10.win32_1.0.0.202111181127/tools/bin/../lib/gcc/arm-none-eabi/10.3.1/thumb/v7e-m+fp/hard/crtn.o
                0x000000000800124c                . = ALIGN (0x4)
                0x000000000800124c                _etext = .

.vfp11_veneer   0x000000000800124c        0x0
 .vfp11_veneer  0x000000000800124c        0x0 linker stubs

.v4_bx          0x000000000800124c        0x0
 .v4_bx         0x000000000800124c        0x0 linker stubs

.iplt           0x000000000800124c        0x0
 .iplt          0x000000000800124c        0x0 f:/stm32cubeide/stm32cubeide_1.10.1/stm32cubeide/plugins/com.st.stm32cube.ide.mcu.externaltools.gnu-tools-for-stm32.10.3-2021.10.win32_1.0.0.202111181127/tools/bin/../lib/gcc/arm-none-eabi/10.3.1/thumb/v7e-m+fp/hard/crtbegin.o

.rel.dyn        0x000000000800124c        0x0
 .rel.iplt      0x000000000800124c        0x0 f:/stm32cubeide/stm32cubeide_1.10.1/stm32cubeide/plugins/com.st.stm32cube.ide.mcu.externaltools.gnu-tools-for-stm32.10.3-2021.10.win32_1.0.0.202111181127/tools/bin/../lib/gcc/arm-none-eabi/10.3.1/thumb/v7e-m+fp/hard/crtbegin.o

.rodata         0x000000000800124c        0x0
                0x000000000800124c                . = ALIGN (0x4)
 *(.rodata)
 *(.rodata*)
                0x000000000800124c                . = ALIGN (0x4)

.ARM.extab      0x000000000800124c        0x0
                0x000000000800124c                . = ALIGN (0x4)
 *(.ARM.extab* .gnu.linkonce.armextab.*)
                0x000000000800124c                . = ALIGN (0x4)

.ARM            0x000000000800124c        0x0
                0x000000000800124c                . = ALIGN (0x4)
                0x000000000800124c                __exidx_start = .
 *(.ARM.exidx*)
                0x000000000800124c                __exidx_end = .
                0x000000000800124c                . = ALIGN (0x4)

.preinit_array  0x000000000800124c        0x0
                0x000000000800124c                . = ALIGN (0x4)
                0x000000000800124c                PROVIDE (__preinit_array_start = .)
 *(.preinit_array*)
                0x000000000800124c                PROVIDE (__preinit_array_end = .)
                0x000000000800124c                . = ALIGN (0x4)

.init_array     0x000000000800124c        0x4
                0x000000000800124c                . = ALIGN (0x4)
                0x000000000800124c                PROVIDE (__init_array_start = .)
 *(SORT_BY_NAME(.init_array.*))
 *(.init_array*)
 .init_array    0x000000000800124c        0x4 f:/stm32cubeide/stm32cubeide_1.10.1/stm32cubeide/plugins/com.st.stm32cube.ide.mcu.externaltools.gnu-tools-for-stm32.10.3-2021.10.win32_1.0.0.202111181127/tools/bin/../lib/gcc/arm-none-eabi/10.3.1/thumb/v7e-m+fp/hard/crtbegin.o
                0x0000000008001250                PROVIDE (__init_array_end = .)
                0x0000000008001250                . = ALIGN (0x4)

.fini_array     0x0000000008001250        0x4
                0x0000000008001250                . = ALIGN (0x4)
                [!provide]                        PROVIDE (__fini_array_start = .)
 *(SORT_BY_NAME(.fini_array.*))
 *(.fini_array*)
 .fini_array    0x0000000008001250        0x4 f:/stm32cubeide/stm32cubeide_1.10.1/stm32cubeide/plugins/com.st.stm32cube.ide.mcu.externaltools.gnu-tools-for-stm32.10.3-2021.10.win32_1.0.0.202111181127/tools/bin/../lib/gcc/arm-none-eabi/10.3.1/thumb/v7e-m+fp/hard/crtbegin.o
                [!provide]                        PROVIDE (__fini_array_end = .)
                0x0000000008001254                . = ALIGN (0x4)
                0x0000000008001254                _sidata = LOADADDR (.data)

.data           0x0000000020000000       0x34 load address 0x0000000008001254
                0x0000000020000000                . = ALIGN (0x4)
                0x0000000020000000                _sdata = .
 *(.data)
 *(.data*)
 .data.Tx_buf   0x0000000020000000       0x20 ./Src/i2c_slave_tx_it.o
                0x0000000020000000                Tx_buf
 .data.AHB_PreScaler
                0x0000000020000020       0x10 ./drivers/Src/stm32_rcc.o
                0x0000000020000020                AHB_PreScaler
 .data.APB1_PreScaler
                0x0000000020000030        0x4 ./drivers/Src/stm32_rcc.o
                0x0000000020000030                APB1_PreScaler
 *(.RamFunc)
 *(.RamFunc*)
                0x0000000020000034                . = ALIGN (0x4)
                0x0000000020000034                _edata = .
                0x0000000008001288                _siccmram = LOADADDR (.ccmram)

.igot.plt       0x0000000020000034        0x0 load address 0x0000000008001288
 .igot.plt      0x0000000020000034        0x0 f:/stm32cubeide/stm32cubeide_1.10.1/stm32cubeide/plugins/com.st.stm32cube.ide.mcu.externaltools.gnu-tools-for-stm32.10.3-2021.10.win32_1.0.0.202111181127/tools/bin/../lib/gcc/arm-none-eabi/10.3.1/thumb/v7e-m+fp/hard/crtbegin.o

.ccmram         0x0000000010000000        0x0 load address 0x0000000008001288
                0x0000000010000000                . = ALIGN (0x4)
                0x0000000010000000                _sccmram = .
 *(.ccmram)
 *(.ccmram*)
                0x0000000010000000                . = ALIGN (0x4)
                0x0000000010000000                _eccmram = .
                0x0000000010000000                . = ALIGN (0x4)

.bss            0x0000000020000034       0x48
                0x0000000020000034                _sbss = .
                0x0000000020000034                __bss_start__ = _sbss
 *(.bss)
 .bss           0x0000000020000034       0x1c f:/stm32cubeide/stm32cubeide_1.10.1/stm32cubeide/plugins/com.st.stm32cube.ide.mcu.externaltools.gnu-tools-for-stm32.10.3-2021.10.win32_1.0.0.202111181127/tools/bin/../lib/gcc/arm-none-eabi/10.3.1/thumb/v7e-m+fp/hard/crtbegin.o
 *(.bss*)
 .bss.I2C1Handle
                0x0000000020000050       0x28 ./Src/i2c_slave_tx_it.o
                0x0000000020000050                I2C1Handle
 .bss.commandCode.1
                0x0000000020000078        0x1 ./Src/i2c_slave_tx_it.o
 .bss.Cnt.0     0x0000000020000079        0x1 ./Src/i2c_slave_tx_it.o
 *(COMMON)
                0x000000002000007c                . = ALIGN (0x4)
 *fill*         0x000000002000007a        0x2 
                0x000000002000007c                _ebss = .
                0x000000002000007c                __bss_end__ = _ebss

._user_heap_stack
                0x000000002000007c      0x604
                0x0000000020000080                . = ALIGN (0x8)
 *fill*         0x000000002000007c        0x4 
                [!provide]                        PROVIDE (end = .)
                0x0000000020000080                PROVIDE (_end = .)
                0x0000000020000280                . = (. + _Min_Heap_Size)
 *fill*         0x0000000020000080      0x200 
                0x0000000020000680                . = (. + _Min_Stack_Size)
 *fill*         0x0000000020000280      0x400 
                0x0000000020000680                . = ALIGN (0x8)

/DISCARD/
 libc.a(*)
 libm.a(*)
 libgcc.a(*)

.ARM.attributes
                0x0000000000000000       0x30
 *(.ARM.attributes)
 .ARM.attributes
                0x0000000000000000       0x1e f:/stm32cubeide/stm32cubeide_1.10.1/stm32cubeide/plugins/com.st.stm32cube.ide.mcu.externaltools.gnu-tools-for-stm32.10.3-2021.10.win32_1.0.0.202111181127/tools/bin/../lib/gcc/arm-none-eabi/10.3.1/thumb/v7e-m+fp/hard/crti.o
 .ARM.attributes
                0x000000000000001e       0x34 f:/stm32cubeide/stm32cubeide_1.10.1/stm32cubeide/plugins/com.st.stm32cube.ide.mcu.externaltools.gnu-tools-for-stm32.10.3-2021.10.win32_1.0.0.202111181127/tools/bin/../lib/gcc/arm-none-eabi/10.3.1/thumb/v7e-m+fp/hard/crtbegin.o
 .ARM.attributes
                0x0000000000000052       0x34 ./Src/i2c_slave_tx_it.o
 .ARM.attributes
                0x0000000000000086       0x21 ./Startup/startup_stm32f407vgtx.o
 .ARM.attributes
                0x00000000000000a7       0x34 ./drivers/Src/stm32_gpio.o
 .ARM.attributes
                0x00000000000000db       0x34 ./drivers/Src/stm32_i2c.o
 .ARM.attributes
                0x000000000000010f       0x34 ./drivers/Src/stm32_rcc.o
 .ARM.attributes
                0x0000000000000143       0x34 f:/stm32cubeide/stm32cubeide_1.10.1/stm32cubeide/plugins/com.st.stm32cube.ide.mcu.externaltools.gnu-tools-for-stm32.10.3-2021.10.win32_1.0.0.202111181127/tools/bin/../lib/gcc/arm-none-eabi/10.3.1/../../../../arm-none-eabi/lib/thumb/v7e-m+fp/hard\libc_nano.a(lib_a-init.o)
 .ARM.attributes
                0x0000000000000177       0x1e f:/stm32cubeide/stm32cubeide_1.10.1/stm32cubeide/plugins/com.st.stm32cube.ide.mcu.externaltools.gnu-tools-for-stm32.10.3-2021.10.win32_1.0.0.202111181127/tools/bin/../lib/gcc/arm-none-eabi/10.3.1/thumb/v7e-m+fp/hard/crtn.o
OUTPUT(zzzzzzDriver_ThoNV.elf elf32-littlearm)
LOAD linker stubs
LOAD f:/stm32cubeide/stm32cubeide_1.10.1/stm32cubeide/plugins/com.st.stm32cube.ide.mcu.externaltools.gnu-tools-for-stm32.10.3-2021.10.win32_1.0.0.202111181127/tools/bin/../lib/gcc/arm-none-eabi/10.3.1/../../../../arm-none-eabi/lib/thumb/v7e-m+fp/hard\libc.a
LOAD f:/stm32cubeide/stm32cubeide_1.10.1/stm32cubeide/plugins/com.st.stm32cube.ide.mcu.externaltools.gnu-tools-for-stm32.10.3-2021.10.win32_1.0.0.202111181127/tools/bin/../lib/gcc/arm-none-eabi/10.3.1/../../../../arm-none-eabi/lib/thumb/v7e-m+fp/hard\libm.a
LOAD f:/stm32cubeide/stm32cubeide_1.10.1/stm32cubeide/plugins/com.st.stm32cube.ide.mcu.externaltools.gnu-tools-for-stm32.10.3-2021.10.win32_1.0.0.202111181127/tools/bin/../lib/gcc/arm-none-eabi/10.3.1/thumb/v7e-m+fp/hard\libgcc.a

.debug_info     0x0000000000000000     0x1b80
 .debug_info    0x0000000000000000      0x549 ./Src/i2c_slave_tx_it.o
 .debug_info    0x0000000000000549       0x22 ./Startup/startup_stm32f407vgtx.o
 .debug_info    0x000000000000056b      0x791 ./drivers/Src/stm32_gpio.o
 .debug_info    0x0000000000000cfc      0xabe ./drivers/Src/stm32_i2c.o
 .debug_info    0x00000000000017ba      0x3c6 ./drivers/Src/stm32_rcc.o

.debug_abbrev   0x0000000000000000      0x5cc
 .debug_abbrev  0x0000000000000000      0x174 ./Src/i2c_slave_tx_it.o
 .debug_abbrev  0x0000000000000174       0x12 ./Startup/startup_stm32f407vgtx.o
 .debug_abbrev  0x0000000000000186      0x146 ./drivers/Src/stm32_gpio.o
 .debug_abbrev  0x00000000000002cc      0x20b ./drivers/Src/stm32_i2c.o
 .debug_abbrev  0x00000000000004d7       0xf5 ./drivers/Src/stm32_rcc.o

.debug_aranges  0x0000000000000000      0x1f0
 .debug_aranges
                0x0000000000000000       0x48 ./Src/i2c_slave_tx_it.o
 .debug_aranges
                0x0000000000000048       0x28 ./Startup/startup_stm32f407vgtx.o
 .debug_aranges
                0x0000000000000070       0x70 ./drivers/Src/stm32_gpio.o
 .debug_aranges
                0x00000000000000e0       0xe8 ./drivers/Src/stm32_i2c.o
 .debug_aranges
                0x00000000000001c8       0x28 ./drivers/Src/stm32_rcc.o

.debug_ranges   0x0000000000000000      0x1a8
 .debug_ranges  0x0000000000000000       0x38 ./Src/i2c_slave_tx_it.o
 .debug_ranges  0x0000000000000038       0x20 ./Startup/startup_stm32f407vgtx.o
 .debug_ranges  0x0000000000000058       0x60 ./drivers/Src/stm32_gpio.o
 .debug_ranges  0x00000000000000b8       0xd8 ./drivers/Src/stm32_i2c.o
 .debug_ranges  0x0000000000000190       0x18 ./drivers/Src/stm32_rcc.o

.debug_macro    0x0000000000000000     0x294c
 .debug_macro   0x0000000000000000      0x22c ./Src/i2c_slave_tx_it.o
 .debug_macro   0x000000000000022c      0xa7e ./Src/i2c_slave_tx_it.o
 .debug_macro   0x0000000000000caa       0x22 ./Src/i2c_slave_tx_it.o
 .debug_macro   0x0000000000000ccc       0x4c ./Src/i2c_slave_tx_it.o
 .debug_macro   0x0000000000000d18       0x1e ./Src/i2c_slave_tx_it.o
 .debug_macro   0x0000000000000d36       0x94 ./Src/i2c_slave_tx_it.o
 .debug_macro   0x0000000000000dca       0x3c ./Src/i2c_slave_tx_it.o
 .debug_macro   0x0000000000000e06       0x34 ./Src/i2c_slave_tx_it.o
 .debug_macro   0x0000000000000e3a       0x16 ./Src/i2c_slave_tx_it.o
 .debug_macro   0x0000000000000e50       0x57 ./Src/i2c_slave_tx_it.o
 .debug_macro   0x0000000000000ea7       0x97 ./Src/i2c_slave_tx_it.o
 .debug_macro   0x0000000000000f3e      0x341 ./Src/i2c_slave_tx_it.o
 .debug_macro   0x000000000000127f       0xfd ./Src/i2c_slave_tx_it.o
 .debug_macro   0x000000000000137c       0x10 ./Src/i2c_slave_tx_it.o
 .debug_macro   0x000000000000138c       0x16 ./Src/i2c_slave_tx_it.o
 .debug_macro   0x00000000000013a2       0x43 ./Src/i2c_slave_tx_it.o
 .debug_macro   0x00000000000013e5       0x34 ./Src/i2c_slave_tx_it.o
 .debug_macro   0x0000000000001419       0x10 ./Src/i2c_slave_tx_it.o
 .debug_macro   0x0000000000001429       0x58 ./Src/i2c_slave_tx_it.o
 .debug_macro   0x0000000000001481       0x71 ./Src/i2c_slave_tx_it.o
 .debug_macro   0x00000000000014f2       0x1c ./Src/i2c_slave_tx_it.o
 .debug_macro   0x000000000000150e      0x12a ./Src/i2c_slave_tx_it.o
 .debug_macro   0x0000000000001638       0x10 ./Src/i2c_slave_tx_it.o
 .debug_macro   0x0000000000001648       0x6a ./Src/i2c_slave_tx_it.o
 .debug_macro   0x00000000000016b2       0x1c ./Src/i2c_slave_tx_it.o
 .debug_macro   0x00000000000016ce       0x52 ./Src/i2c_slave_tx_it.o
 .debug_macro   0x0000000000001720       0x22 ./Src/i2c_slave_tx_it.o
 .debug_macro   0x0000000000001742       0x10 ./Src/i2c_slave_tx_it.o
 .debug_macro   0x0000000000001752       0x52 ./Src/i2c_slave_tx_it.o
 .debug_macro   0x00000000000017a4       0xd5 ./Src/i2c_slave_tx_it.o
 .debug_macro   0x0000000000001879       0x1c ./Src/i2c_slave_tx_it.o
 .debug_macro   0x0000000000001895       0x3d ./Src/i2c_slave_tx_it.o
 .debug_macro   0x00000000000018d2       0x16 ./Src/i2c_slave_tx_it.o
 .debug_macro   0x00000000000018e8      0x145 ./Src/i2c_slave_tx_it.o
 .debug_macro   0x0000000000001a2d       0x16 ./Src/i2c_slave_tx_it.o
 .debug_macro   0x0000000000001a43       0x35 ./Src/i2c_slave_tx_it.o
 .debug_macro   0x0000000000001a78       0x20 ./Src/i2c_slave_tx_it.o
 .debug_macro   0x0000000000001a98      0x103 ./Src/i2c_slave_tx_it.o
 .debug_macro   0x0000000000001b9b      0x1df ./Src/i2c_slave_tx_it.o
 .debug_macro   0x0000000000001d7a      0x706 ./Src/i2c_slave_tx_it.o
 .debug_macro   0x0000000000002480       0xca ./Src/i2c_slave_tx_it.o
 .debug_macro   0x000000000000254a       0xca ./Src/i2c_slave_tx_it.o
 .debug_macro   0x0000000000002614       0x81 ./drivers/Src/stm32_gpio.o
 .debug_macro   0x0000000000002695       0x8e ./drivers/Src/stm32_gpio.o
 .debug_macro   0x0000000000002723       0x51 ./drivers/Src/stm32_gpio.o
 .debug_macro   0x0000000000002774       0xc4 ./drivers/Src/stm32_gpio.o
 .debug_macro   0x0000000000002838       0x98 ./drivers/Src/stm32_i2c.o
 .debug_macro   0x00000000000028d0       0x7c ./drivers/Src/stm32_rcc.o

.debug_line     0x0000000000000000     0x21f5
 .debug_line    0x0000000000000000      0x718 ./Src/i2c_slave_tx_it.o
 .debug_line    0x0000000000000718       0x84 ./Startup/startup_stm32f407vgtx.o
 .debug_line    0x000000000000079c      0x906 ./drivers/Src/stm32_gpio.o
 .debug_line    0x00000000000010a2      0xca0 ./drivers/Src/stm32_i2c.o
 .debug_line    0x0000000000001d42      0x4b3 ./drivers/Src/stm32_rcc.o

.debug_str      0x0000000000000000     0xa82c
 .debug_str     0x0000000000000000     0xa2ca ./Src/i2c_slave_tx_it.o
                                       0xa4d0 (size before relaxing)
 .debug_str     0x000000000000a2ca       0x31 ./Startup/startup_stm32f407vgtx.o
                                         0x5e (size before relaxing)
 .debug_str     0x000000000000a2fb      0x296 ./drivers/Src/stm32_gpio.o
                                       0x60fe (size before relaxing)
 .debug_str     0x000000000000a591      0x20f ./drivers/Src/stm32_i2c.o
                                       0x669b (size before relaxing)
 .debug_str     0x000000000000a7a0       0x8c ./drivers/Src/stm32_rcc.o
                                       0x5d2b (size before relaxing)

.comment        0x0000000000000000       0x50
 .comment       0x0000000000000000       0x50 ./Src/i2c_slave_tx_it.o
                                         0x51 (size before relaxing)
 .comment       0x0000000000000050       0x51 ./drivers/Src/stm32_gpio.o
 .comment       0x0000000000000050       0x51 ./drivers/Src/stm32_i2c.o
 .comment       0x0000000000000050       0x51 ./drivers/Src/stm32_rcc.o

.debug_frame    0x0000000000000000      0x714
 .debug_frame   0x0000000000000000       0xc8 ./Src/i2c_slave_tx_it.o
 .debug_frame   0x00000000000000c8      0x1c8 ./drivers/Src/stm32_gpio.o
 .debug_frame   0x0000000000000290      0x3f8 ./drivers/Src/stm32_i2c.o
 .debug_frame   0x0000000000000688       0x60 ./drivers/Src/stm32_rcc.o
 .debug_frame   0x00000000000006e8       0x2c f:/stm32cubeide/stm32cubeide_1.10.1/stm32cubeide/plugins/com.st.stm32cube.ide.mcu.externaltools.gnu-tools-for-stm32.10.3-2021.10.win32_1.0.0.202111181127/tools/bin/../lib/gcc/arm-none-eabi/10.3.1/../../../../arm-none-eabi/lib/thumb/v7e-m+fp/hard\libc_nano.a(lib_a-init.o)
